
 Start         Length     Name                   Class
 0001:00401000 0006B478H .text                   CODE
 0002:0046D000 0000088CH .itext                  ICODE
 0003:0046E000 00001E44H .data                   DATA
 0004:00470000 00005290H .bss                    BSS
 0005:00000000 0000003CH .tls                    TLS


Detailed map of segments

 0001:00000000 000066A3 C=CODE     S=.text    G=(none)   M=System   ACBP=A9
 0001:000066A4 00000105 C=CODE     S=.text    G=(none)   M=SysInit  ACBP=A9
 0001:000067AC 000002F8 C=CODE     S=.text    G=(none)   M=Types    ACBP=A9
 0001:00006AA4 00000D38 C=CODE     S=.text    G=(none)   M=Windows  ACBP=A9
 0001:000077DC 000000BA C=CODE     S=.text    G=(none)   M=WinMemMgr ACBP=A9
 0001:00007898 00000026 C=CODE     S=.text    G=(none)   M=WinSlimLock ACBP=A9
 0001:000078C0 0000002E C=CODE     S=.text    G=(none)   M=CorrectLocale ACBP=A9
 0001:000078F0 00000015 C=CODE     S=.text    G=(none)   M=Messages ACBP=A9
 0001:00007908 0000000E C=CODE     S=.text    G=(none)   M=ActiveX  ACBP=A9
 0001:00007918 00000310 C=CODE     S=.text    G=(none)   M=SysConst ACBP=A9
 0001:00007C28 00000130 C=CODE     S=.text    G=(none)   M=RTLConsts ACBP=A9
 0001:00007D58 00000230 C=CODE     S=.text    G=(none)   M=Character ACBP=A9
 0001:00007F88 00009A4A C=CODE     S=.text    G=(none)   M=SysUtils ACBP=A9
 0001:000119D4 000007FA C=CODE     S=.text    G=(none)   M=VarUtils ACBP=A9
 0001:000121D0 00002E34 C=CODE     S=.text    G=(none)   M=Variants ACBP=A9
 0001:00015004 00000D4F C=CODE     S=.text    G=(none)   M=TypInfo  ACBP=A9
 0001:00015D54 0000B107 C=CODE     S=.text    G=(none)   M=Classes  ACBP=A9
 0001:00020E5C 00000521 C=CODE     S=.text    G=(none)   M=Contnrs  ACBP=A9
 0001:00021380 0000182A C=CODE     S=.text    G=(none)   M=HelpIntfs ACBP=A9
 0001:00022BAC 00000876 C=CODE     S=.text    G=(none)   M=MultiMon ACBP=A9
 0001:00023424 000000DE C=CODE     S=.text    G=(none)   M=CommCtrl ACBP=A9
 0001:00023504 00000228 C=CODE     S=.text    G=(none)   M=Consts   ACBP=A9
 0001:0002372C 00000065 C=CODE     S=.text    G=(none)   M=IniFiles ACBP=A9
 0001:00023794 00000659 C=CODE     S=.text    G=(none)   M=Registry ACBP=A9
 0001:00023DF0 00008576 C=CODE     S=.text    G=(none)   M=Graphics ACBP=A9
 0001:0002C368 00000BC2 C=CODE     S=.text    G=(none)   M=SyncObjs ACBP=A9
 0001:0002CF2C 00000F71 C=CODE     S=.text    G=(none)   M=UxTheme  ACBP=A9
 0001:0002DEA0 000001E0 C=CODE     S=.text    G=(none)   M=DwmApi   ACBP=A9
 0001:0002E080 0000178A C=CODE     S=.text    G=(none)   M=GraphUtil ACBP=A9
 0001:0002F80C 000036B4 C=CODE     S=.text    G=(none)   M=StdCtrls ACBP=A9
 0001:00032EC0 0000003A C=CODE     S=.text    G=(none)   M=Printers ACBP=A9
 0001:00032EFC 0000003A C=CODE     S=.text    G=(none)   M=Clipbrd  ACBP=A9
 0001:00032F38 00001872 C=CODE     S=.text    G=(none)   M=ExtCtrls ACBP=A9
 0001:000347AC 00000289 C=CODE     S=.text    G=(none)   M=ComCtrls ACBP=A9
 0001:00034A38 00000784 C=CODE     S=.text    G=(none)   M=Dialogs  ACBP=A9
 0001:000351BC 00000139 C=CODE     S=.text    G=(none)   M=StdActns ACBP=A9
 0001:000352F8 000003AE C=CODE     S=.text    G=(none)   M=FlatSB   ACBP=A9
 0001:000356A8 00008145 C=CODE     S=.text    G=(none)   M=Menus    ACBP=A9
 0001:0003D7F0 000162BC C=CODE     S=.text    G=(none)   M=Controls ACBP=A9
 0001:00053AAC 00000D1A C=CODE     S=.text    G=(none)   M=Themes   ACBP=A9
 0001:000547C8 000018F9 C=CODE     S=.text    G=(none)   M=ImgList  ACBP=A9
 0001:000560C4 00001586 C=CODE     S=.text    G=(none)   M=ActnList ACBP=A9
 0001:0005764C 0000FB98 C=CODE     S=.text    G=(none)   M=Forms    ACBP=A9
 0001:000671E4 000000A0 C=CODE     S=.text    G=(none)   M=TimeoutUtil ACBP=A9
 0001:00067284 00000490 C=CODE     S=.text    G=(none)   M=StdLib   ACBP=A9
 0001:00067714 000002F3 C=CODE     S=.text    G=(none)   M=WindowsSynchronization ACBP=A9
 0001:00067A08 0000137F C=CODE     S=.text    G=(none)   M=Tasks    ACBP=A9
 0001:00068D88 00001286 C=CODE     S=.text    G=(none)   M=AppEvnts ACBP=A9
 0001:0006A010 0000006F C=CODE     S=.text    G=(none)   M=StopWatch ACBP=A9
 0001:0006A080 00000356 C=CODE     S=.text    G=(none)   M=TaskUtils ACBP=A9
 0001:0006A3D8 00000E38 C=CODE     S=.text    G=(none)   M=MainForm ACBP=A9
 0001:0006B210 00000268 C=CODE     S=.text    G=(none)   M=TaskDemo ACBP=A9
 0002:00000000 000000AE C=ICODE    S=.itext   G=(none)   M=System   ACBP=A9
 0002:000000B0 00000011 C=ICODE    S=.itext   G=(none)   M=Windows  ACBP=A9
 0002:000000C4 00000024 C=ICODE    S=.itext   G=(none)   M=WinMemMgr ACBP=A9
 0002:000000E8 00000018 C=ICODE    S=.itext   G=(none)   M=CorrectLocale ACBP=A9
 0002:00000100 00000094 C=ICODE    S=.itext   G=(none)   M=SysUtils ACBP=A9
 0002:00000194 0000000F C=ICODE    S=.itext   G=(none)   M=VarUtils ACBP=A9
 0002:000001A4 000000AA C=ICODE    S=.itext   G=(none)   M=Variants ACBP=A9
 0002:00000250 00000008 C=ICODE    S=.itext   G=(none)   M=TypInfo  ACBP=A9
 0002:00000258 00000092 C=ICODE    S=.itext   G=(none)   M=Classes  ACBP=A9
 0002:000002EC 00000008 C=ICODE    S=.itext   G=(none)   M=HelpIntfs ACBP=A9
 0002:000002F4 0000000F C=ICODE    S=.itext   G=(none)   M=MultiMon ACBP=A9
 0002:00000304 00000008 C=ICODE    S=.itext   G=(none)   M=IniFiles ACBP=A9
 0002:0000030C 00000008 C=ICODE    S=.itext   G=(none)   M=Registry ACBP=A9
 0002:00000314 000000FB C=ICODE    S=.itext   G=(none)   M=Graphics ACBP=A9
 0002:00000410 0000000F C=ICODE    S=.itext   G=(none)   M=SyncObjs ACBP=A9
 0002:00000420 0000001B C=ICODE    S=.itext   G=(none)   M=UxTheme  ACBP=A9
 0002:0000043C 00000008 C=ICODE    S=.itext   G=(none)   M=DwmApi   ACBP=A9
 0002:00000444 00000086 C=ICODE    S=.itext   G=(none)   M=GraphUtil ACBP=A9
 0002:000004CC 00000008 C=ICODE    S=.itext   G=(none)   M=Printers ACBP=A9
 0002:000004D4 00000078 C=ICODE    S=.itext   G=(none)   M=Clipbrd  ACBP=A9
 0002:0000054C 00000054 C=ICODE    S=.itext   G=(none)   M=ExtCtrls ACBP=A9
 0002:000005A0 00000039 C=ICODE    S=.itext   G=(none)   M=ComCtrls ACBP=A9
 0002:000005DC 0000003D C=ICODE    S=.itext   G=(none)   M=Dialogs  ACBP=A9
 0002:0000061C 0000000F C=ICODE    S=.itext   G=(none)   M=FlatSB   ACBP=A9
 0002:0000062C 00000085 C=ICODE    S=.itext   G=(none)   M=Menus    ACBP=A9
 0002:000006B4 00000088 C=ICODE    S=.itext   G=(none)   M=Controls ACBP=A9
 0002:0000073C 00000008 C=ICODE    S=.itext   G=(none)   M=Themes   ACBP=A9
 0002:00000744 0000002A C=ICODE    S=.itext   G=(none)   M=ActnList ACBP=A9
 0002:00000770 0000005C C=ICODE    S=.itext   G=(none)   M=Forms    ACBP=A9
 0002:000007CC 00000036 C=ICODE    S=.itext   G=(none)   M=StdLib   ACBP=A9
 0002:00000804 0000000C C=ICODE    S=.itext   G=(none)   M=Tasks    ACBP=A9
 0002:00000810 00000033 C=ICODE    S=.itext   G=(none)   M=AppEvnts ACBP=A9
 0002:00000844 00000045 C=ICODE    S=.itext   G=(none)   M=TaskDemo ACBP=A9
 0003:00000000 000007B6 C=DATA     S=.data    G=DGROUP   M=System   ACBP=A9
 0003:000007B8 00000020 C=DATA     S=.data    G=DGROUP   M=SysInit  ACBP=A9
 0003:000007D8 0000001C C=DATA     S=.data    G=DGROUP   M=WinMemMgr ACBP=A9
 0003:000007F4 00000100 C=DATA     S=.data    G=DGROUP   M=Character ACBP=A9
 0003:000008F4 0000027C C=DATA     S=.data    G=DGROUP   M=SysUtils ACBP=A9
 0003:00000B70 00000008 C=DATA     S=.data    G=DGROUP   M=VarUtils ACBP=A9
 0003:00000B78 00000092 C=DATA     S=.data    G=DGROUP   M=Variants ACBP=A9
 0003:00000C0C 0000000C C=DATA     S=.data    G=DGROUP   M=TypInfo  ACBP=A9
 0003:00000C18 00000064 C=DATA     S=.data    G=DGROUP   M=Classes  ACBP=A9
 0003:00000C7C 00000008 C=DATA     S=.data    G=DGROUP   M=IniFiles ACBP=A9
 0003:00000C84 00000008 C=DATA     S=.data    G=DGROUP   M=Registry ACBP=A9
 0003:00000C8C 000003B8 C=DATA     S=.data    G=DGROUP   M=Graphics ACBP=A9
 0003:00001044 00000450 C=DATA     S=.data    G=DGROUP   M=GraphUtil ACBP=A9
 0003:00001494 0000006C C=DATA     S=.data    G=DGROUP   M=StdCtrls ACBP=A9
 0003:00001500 00000004 C=DATA     S=.data    G=DGROUP   M=Printers ACBP=A9
 0003:00001504 00000020 C=DATA     S=.data    G=DGROUP   M=ExtCtrls ACBP=A9
 0003:00001524 00000010 C=DATA     S=.data    G=DGROUP   M=ComCtrls ACBP=A9
 0003:00001534 0000007C C=DATA     S=.data    G=DGROUP   M=Dialogs  ACBP=A9
 0003:000015B0 00000134 C=DATA     S=.data    G=DGROUP   M=Menus    ACBP=A9
 0003:000016E4 0000013C C=DATA     S=.data    G=DGROUP   M=Controls ACBP=A9
 0003:00001820 00000068 C=DATA     S=.data    G=DGROUP   M=Themes   ACBP=A9
 0003:00001888 0000003C C=DATA     S=.data    G=DGROUP   M=ImgList  ACBP=A9
 0003:000018C4 00000140 C=DATA     S=.data    G=DGROUP   M=Forms    ACBP=A9
 0003:00001A04 00000004 C=DATA     S=.data    G=DGROUP   M=AppEvnts ACBP=A9
 0004:00000000 00002B48 C=BSS      S=.bss     G=DGROUP   M=System   ACBP=A9
 0004:00002B48 0000000C C=BSS      S=.bss     G=DGROUP   M=SysInit  ACBP=A9
 0004:00002B54 00000008 C=BSS      S=.bss     G=DGROUP   M=Windows  ACBP=A9
 0004:00002B5C 00000004 C=BSS      S=.bss     G=DGROUP   M=WinMemMgr ACBP=A9
 0004:00002B60 00000004 C=BSS      S=.bss     G=DGROUP   M=CorrectLocale ACBP=A9
 0004:00002B64 0000001C C=BSS      S=.bss     G=DGROUP   M=Character ACBP=A9
 0004:00002B80 00002234 C=BSS      S=.bss     G=DGROUP   M=SysUtils ACBP=A9
 0004:00004DB4 0000005C C=BSS      S=.bss     G=DGROUP   M=VarUtils ACBP=A9
 0004:00004E10 00000040 C=BSS      S=.bss     G=DGROUP   M=Variants ACBP=A9
 0004:00004E50 00000004 C=BSS      S=.bss     G=DGROUP   M=TypInfo  ACBP=A9
 0004:00004E54 00000048 C=BSS      S=.bss     G=DGROUP   M=Classes  ACBP=A9
 0004:00004E9C 00000008 C=BSS      S=.bss     G=DGROUP   M=HelpIntfs ACBP=A9
 0004:00004EA4 00000031 C=BSS      S=.bss     G=DGROUP   M=MultiMon ACBP=A9
 0004:00004ED8 00000004 C=BSS      S=.bss     G=DGROUP   M=IniFiles ACBP=A9
 0004:00004EDC 00000004 C=BSS      S=.bss     G=DGROUP   M=Registry ACBP=A9
 0004:00004EE0 00000060 C=BSS      S=.bss     G=DGROUP   M=Graphics ACBP=A9
 0004:00004F40 00000018 C=BSS      S=.bss     G=DGROUP   M=SyncObjs ACBP=A9
 0004:00004F58 000000DC C=BSS      S=.bss     G=DGROUP   M=UxTheme  ACBP=A9
 0004:00005034 00000010 C=BSS      S=.bss     G=DGROUP   M=DwmApi   ACBP=A9
 0004:00005044 00000010 C=BSS      S=.bss     G=DGROUP   M=GraphUtil ACBP=A9
 0004:00005054 00000004 C=BSS      S=.bss     G=DGROUP   M=Printers ACBP=A9
 0004:00005058 0000000C C=BSS      S=.bss     G=DGROUP   M=Clipbrd  ACBP=A9
 0004:00005064 00000008 C=BSS      S=.bss     G=DGROUP   M=ExtCtrls ACBP=A9
 0004:0000506C 00000010 C=BSS      S=.bss     G=DGROUP   M=ComCtrls ACBP=A9
 0004:0000507C 0000000C C=BSS      S=.bss     G=DGROUP   M=Dialogs  ACBP=A9
 0004:00005088 00000034 C=BSS      S=.bss     G=DGROUP   M=FlatSB   ACBP=A9
 0004:000050BC 00000010 C=BSS      S=.bss     G=DGROUP   M=Menus    ACBP=A9
 0004:000050CC 0000008C C=BSS      S=.bss     G=DGROUP   M=Controls ACBP=A9
 0004:00005158 0000000C C=BSS      S=.bss     G=DGROUP   M=Themes   ACBP=A9
 0004:00005164 00000008 C=BSS      S=.bss     G=DGROUP   M=ImgList  ACBP=A9
 0004:0000516C 00000004 C=BSS      S=.bss     G=DGROUP   M=ActnList ACBP=A9
 0004:00005170 00000028 C=BSS      S=.bss     G=DGROUP   M=Forms    ACBP=A9
 0004:00005198 000000D0 C=BSS      S=.bss     G=DGROUP   M=StdLib   ACBP=A9
 0004:00005268 00000018 C=BSS      S=.bss     G=DGROUP   M=Tasks    ACBP=A9
 0004:00005280 00000004 C=BSS      S=.bss     G=DGROUP   M=AppEvnts ACBP=A9
 0004:00005284 00000008 C=BSS      S=.bss     G=DGROUP   M=StopWatch ACBP=A9
 0004:0000528C 00000004 C=BSS      S=.bss     G=DGROUP   M=MainForm ACBP=A9
 0005:00000000 00000008 C=TLS      S=.tls     G=(none)   M=System   ACBP=A9
 0005:00000008 0000000C C=TLS      S=.tls     G=(none)   M=Classes  ACBP=A9
 0005:00000014 00000004 C=TLS      S=.tls     G=(none)   M=SyncObjs ACBP=A9
 0005:00000018 00000024 C=TLS      S=.tls     G=(none)   M=GraphUtil ACBP=A9


  Address             Publics by Name

 0001:00007908       ActiveX.OleInitialize
 0001:00007910       ActiveX.OleUninitialize
 0004:0000516C       ActnList..9
 0001:00056570       ActnList..TActionLink
 0001:000560C4       ActnList..TContainedAction
 0001:0005645C       ActnList..TCustomAction
 0001:00056238       ActnList..TCustomActionList
 0001:00056324       ActnList..TShortCutList
 0002:00000744       ActnList.ActnList
 0001:0005761C       ActnList.Finalization
 0001:00056C88       ActnList.TActionLink.IsCaptionLinked
 0001:00056C9C       ActnList.TActionLink.IsCheckedLinked
 0001:00056CB0       ActnList.TActionLink.IsEnabledLinked
 0001:00056CC4       ActnList.TActionLink.IsGroupIndexLinked
 0001:00056CD8       ActnList.TActionLink.IsHelpContextLinked
 0001:00056CEC       ActnList.TActionLink.IsHelpLinked
 0001:00056D00       ActnList.TActionLink.IsHintLinked
 0001:00056D14       ActnList.TActionLink.IsImageIndexLinked
 0001:00056D28       ActnList.TActionLink.IsShortCutLinked
 0001:00056D3C       ActnList.TActionLink.IsVisibleLinked
 0001:00056D50       ActnList.TActionLink.SetAutoCheck
 0001:00056D54       ActnList.TActionLink.SetCaption
 0001:00056D58       ActnList.TActionLink.SetChecked
 0001:00056D5C       ActnList.TActionLink.SetEnabled
 0001:00056D60       ActnList.TActionLink.SetGroupIndex
 0001:00056D64       ActnList.TActionLink.SetHelpContext
 0001:00056D68       ActnList.TActionLink.SetHelpKeyword
 0001:00056D6C       ActnList.TActionLink.SetHelpType
 0001:00056D70       ActnList.TActionLink.SetHint
 0001:00056D74       ActnList.TActionLink.SetImageIndex
 0001:00056D78       ActnList.TActionLink.SetShortCut
 0001:00056D7C       ActnList.TActionLink.SetVisible
 0001:0005664C       ActnList.TContainedAction.Destroy
 0001:000567B8       ActnList.TContainedAction.Execute
 0001:00056680       ActnList.TContainedAction.GetIndex
 0001:0005669C       ActnList.TContainedAction.GetParentComponent
 0001:000566AC       ActnList.TContainedAction.HasParent
 0001:00056698       ActnList.TContainedAction.IsCategoryStored
 0001:000566BC       ActnList.TContainedAction.ReadState
 0001:00056764       ActnList.TContainedAction.SetActionList
 0001:00056738       ActnList.TContainedAction.SetCategory
 0001:000566F0       ActnList.TContainedAction.SetIndex
 0001:0005678C       ActnList.TContainedAction.SetParentComponent
 0001:00056810       ActnList.TContainedAction.Update
 0001:00056E2C       ActnList.TCustomAction.AssignTo
 0001:00056D80       ActnList.TCustomAction.Create
 0001:00056DD4       ActnList.TCustomAction.Destroy
 0001:000574B8       ActnList.TCustomAction.DoHint
 0001:000574E0       ActnList.TCustomAction.Execute
 0001:00057544       ActnList.TCustomAction.GetSecondaryShortCuts
 0001:000575A0       ActnList.TCustomAction.HandleShortCut
 0001:00056F38       ActnList.TCustomAction.SetAutoCheck
 0001:00056F98       ActnList.TCustomAction.SetCaption
 0001:00056FF8       ActnList.TCustomAction.SetChecked
 0001:00057100       ActnList.TCustomAction.SetEnabled
 0001:0005717C       ActnList.TCustomAction.SetGroupIndex
 0001:00057294       ActnList.TCustomAction.SetHelpContext
 0001:0005722C       ActnList.TCustomAction.SetHelpKeyword
 0001:000571D4       ActnList.TCustomAction.SetHelpType
 0001:000572EC       ActnList.TCustomAction.SetHint
 0001:0005734C       ActnList.TCustomAction.SetImageIndex
 0001:0005746C       ActnList.TCustomAction.SetName
 0001:0005756C       ActnList.TCustomAction.SetSecondaryShortCuts
 0001:000573A8       ActnList.TCustomAction.SetShortCut
 0001:0005740C       ActnList.TCustomAction.SetVisible
 0001:00056A50       ActnList.TCustomActionList.AddAction
 0001:00056A98       ActnList.TCustomActionList.Change
 0001:00056868       ActnList.TCustomActionList.Create
 0001:000568D4       ActnList.TCustomActionList.Destroy
 0001:00056BA4       ActnList.TCustomActionList.ExecuteAction
 0001:000569A4       ActnList.TCustomActionList.GetAction
 0001:000569B8       ActnList.TCustomActionList.GetActionCount
 0001:0005692C       ActnList.TCustomActionList.GetChildren
 0001:000569F4       ActnList.TCustomActionList.ImageListChange
 0001:00056B00       ActnList.TCustomActionList.IsShortCut
 0001:00056A00       ActnList.TCustomActionList.Notification
 0001:00056A70       ActnList.TCustomActionList.RemoveAction
 0001:00056974       ActnList.TCustomActionList.SetChildOrder
 0001:000569C0       ActnList.TCustomActionList.SetImages
 0001:00056BE4       ActnList.TCustomActionList.SetState
 0001:00056BC4       ActnList.TCustomActionList.UpdateAction
 0001:000575AC       ActnList.TShortCutList.Add
 0001:000575D8       ActnList.TShortCutList.IndexOfShortCut
 0004:00005280       AppEvnts..3
 0001:00068E60       AppEvnts..TApplicationEvents
 0001:00068D88       AppEvnts..TCustomApplicationEvents
 0001:00069180       AppEvnts..TMultiCaster
 0002:00000810       AppEvnts.AppEvnts
 0001:00069FE0       AppEvnts.Finalization
 0003:00001A04       AppEvnts.MultiCaster
 0001:00069240       AppEvnts.TCustomApplicationEvents.Create
 0001:0006928C       AppEvnts.TCustomApplicationEvents.DoActionExecute
 0001:000692A0       AppEvnts.TCustomApplicationEvents.DoActionUpdate
 0001:000692B4       AppEvnts.TCustomApplicationEvents.DoActivate
 0001:000692C8       AppEvnts.TCustomApplicationEvents.DoDeactivate
 0001:000692DC       AppEvnts.TCustomApplicationEvents.DoException
 0001:0006930C       AppEvnts.TCustomApplicationEvents.DoHelp
 0001:0006932C       AppEvnts.TCustomApplicationEvents.DoHint
 0001:000693A4       AppEvnts.TCustomApplicationEvents.DoIdle
 0001:000693B8       AppEvnts.TCustomApplicationEvents.DoMessage
 0001:000693CC       AppEvnts.TCustomApplicationEvents.DoMinimize
 0001:0006946C       AppEvnts.TCustomApplicationEvents.DoModalBegin
 0001:00069488       AppEvnts.TCustomApplicationEvents.DoModalEnd
 0001:000693E0       AppEvnts.TCustomApplicationEvents.DoRestore
 0001:00069440       AppEvnts.TCustomApplicationEvents.DoSettingChange
 0001:000693FC       AppEvnts.TCustomApplicationEvents.DoShortcut
 0001:00069418       AppEvnts.TCustomApplicationEvents.DoShowHint
 0001:000694A4       AppEvnts.TMultiCaster.AddAppEvent
 0001:000694C4       AppEvnts.TMultiCaster.BeginDispatch
 0001:000694C8       AppEvnts.TMultiCaster.Create
 0001:00069640       AppEvnts.TMultiCaster.Destroy
 0001:0006977C       AppEvnts.TMultiCaster.DoActionExecute
 0001:000697F8       AppEvnts.TMultiCaster.DoActionUpdate
 0001:00069874       AppEvnts.TMultiCaster.DoActivate
 0001:000698E8       AppEvnts.TMultiCaster.DoDeactivate
 0001:0006995C       AppEvnts.TMultiCaster.DoException
 0001:00069A18       AppEvnts.TMultiCaster.DoHelp
 0001:00069AB8       AppEvnts.TMultiCaster.DoHint
 0001:00069B2C       AppEvnts.TMultiCaster.DoIdle
 0001:00069BA8       AppEvnts.TMultiCaster.DoMessage
 0001:00069C24       AppEvnts.TMultiCaster.DoMinimize
 0001:00069EF8       AppEvnts.TMultiCaster.DoModalBegin
 0001:00069F6C       AppEvnts.TMultiCaster.DoModalEnd
 0001:00069C98       AppEvnts.TMultiCaster.DoRestore
 0001:00069E08       AppEvnts.TMultiCaster.DoSettingChange
 0001:00069D0C       AppEvnts.TMultiCaster.DoShortcut
 0001:00069D88       AppEvnts.TMultiCaster.DoShowHint
 0001:00069E8C       AppEvnts.TMultiCaster.EndDispatch
 0001:00069EDC       AppEvnts.TMultiCaster.GetAppEvents
 0001:00069EF0       AppEvnts.TMultiCaster.GetCount
 0004:00002B70       Character.CategoryTable
 0004:00002B68       Character.CatIndexPrimary
 0004:00002B6C       Character.CatIndexSecondary
 0004:00002B64       Character.DataTable
 0003:000007F4       Character.Latin1Categories
 0004:00002B7C       Character.NumericValueTable
 0004:00002B74       Character.NumIndexPrimary
 0004:00002B78       Character.NumIndexSecondary
 0001:00007D58       Character.TCharacter.CheckLetter
 0001:00007D64       Character.TCharacter.CheckLetterOrDigit
 0001:00007E80       Character.TCharacter.GetUnicodeCategory
 0001:00007EE0       Character.TCharacter.Initialize
 0001:00007E74       Character.TCharacter.IsAscii
 0001:00007D74       Character.TCharacter.IsLatin1
 0001:00007D80       Character.TCharacter.IsLetter
 0001:00007E0C       Character.TCharacter.IsLetterOrDigit
 0004:00004E60       Classes..66
 0001:000163BC       Classes..EBitsError
 0001:00016270       Classes..EClassNotFound
 0001:0001649C       Classes..EComponentError
 0001:00016050       Classes..EFCreateError
 0001:0001612C       Classes..EFilerError
 0001:00015FDC       Classes..EFileStreamError
 0001:000160C0       Classes..EFOpenError
 0001:0001657C       Classes..EInvalidOperation
 0001:00016350       Classes..EListError
 0001:0001650C       Classes..EOutOfResources
 0001:00016198       Classes..EReadError
 0001:000162E0       Classes..EResNotFound
 0001:00015F6C       Classes..EStreamError
 0001:00016428       Classes..EStringListError
 0001:000171E0       Classes..EThread
 0001:00016204       Classes..EWriteError
 0001:00017610       Classes..TBasicAction
 0001:00017584       Classes..TBasicActionLink
 0001:000166C4       Classes..TBits
 0001:00017068       Classes..TClassFinder
 0001:00017418       Classes..TComponent
 0001:00016D30       Classes..TCustomMemoryStream
 0001:000170D0       Classes..TFiler
 0001:00016C9C       Classes..TFileStream
 0001:00016C18       Classes..THandleStream
 0001:0001855C       Classes..TIntConst
 0001:0001681C       Classes..TInterfacedPersistent
 0001:000165F0       Classes..TList
 0001:00016DB8       Classes..TMemoryStream
 0001:00016724       Classes..TPersistent
 0001:0001BA58       Classes..TPropFixup
 0001:0001BADC       Classes..TPropIntfFixup
 0001:00017140       Classes..TReader
 0001:00017790       Classes..TRegGroup
 0001:000177F4       Classes..TRegGroups
 0001:00016E40       Classes..TResourceStream
 0001:00016B9C       Classes..TStream
 0001:00016FD4       Classes..TStreamAdapter
 0001:00016A68       Classes..TStringList
 0001:00016914       Classes..TStrings
 0001:000172A8       Classes..TThread
 0001:00016660       Classes..TThreadList
 0001:00018500       Classes.ActivateClassGroup
 0003:00000C18       Classes.AddDataModule
 0001:0001BD94       Classes.AddFinished
 0001:0001BDCC       Classes.AddNotFinished
 0001:0001C94C       Classes.AddSubComponentsToLoaded
 0001:0001F230       Classes.AddThread
 0001:00020C98       Classes.AllocateHWnd
 0003:00000C28       Classes.ApplicationHandleException
 0003:00000C30       Classes.ApplicationShowException
 0001:00018864       Classes.BeginGlobalLoading
 0003:00000C50       Classes.BlockCode
 0001:00017754       Classes.Bounds
 0001:00020BC8       Classes.CalcJmpOffset
 0001:0001C988       Classes.CheckSubComponents
 0001:0001F248       Classes.CheckSynchronize
 0002:00000258       Classes.Classes
 0001:000182C4       Classes.ClassNotFound
 0001:0001CA68       Classes.ComponentCreated
 0001:0001CAE8       Classes.CreateComponent
 0001:00020D4C       Classes.DeallocateHWnd
 0001:0001F164       Classes.DoneThreadSynchronization
 0001:00019788       Classes.DoWrite
 0001:000188EC       Classes.EndGlobalLoading
 0001:00017E68       Classes.Error
 0001:0001B890       Classes.Error
 0004:00004E90       Classes.ExternalThreads
 0003:00000C40       Classes.FilerSignature
 0001:00020D74       Classes.Finalization
 0001:00018384       Classes.FindClass
 0001:0001CC98       Classes.FindExistingComponent
 0001:0001877C       Classes.FindGlobalComponent
 0004:00004E6C       Classes.FindGlobalComponentProcs
 0001:00018624       Classes.FindIdentToInt
 0001:0001BC9C       Classes.FindNestedComponent
 0001:0001DD14       Classes.FindUniqueName
 0001:0001F17C       Classes.FreeExternalThreads
 0001:00020B34       Classes.FreeIntConstList
 0001:00020C68       Classes.FreeObjectInstance
 0001:00018330       Classes.GetClass
 0001:000182B8       Classes.GetFieldClassTable
 0004:00004E70       Classes.GlobalFixupList
 0001:0001BE14       Classes.GlobalFixupReferences
 0005:0000000C       Classes.GlobalLists
 0005:00000008       Classes.GlobalLoaded
 0004:00004E54       Classes.GlobalNameSpace
 0001:000184AC       Classes.GroupDescendentsWith
 0001:0001D4A8       Classes.HandleException
 0001:000186A0       Classes.IdentToInt
 0001:00018948       Classes.InitComponent
 0001:000189D4       Classes.InitInheritedComponent
 0001:0001F130       Classes.InitThreadSynchronization
 0004:00004E94       Classes.InstBlockList
 0004:00004E98       Classes.InstFreeList
 0004:00004E64       Classes.IntConstList
 0005:00000010       Classes.InternalCurrentThread
 0001:000187E0       Classes.InternalReadComponentRes
 0001:000186E0       Classes.IntToIdent
 0001:0001777C       Classes.InvalidPoint
 0001:000187BC       Classes.IsUniqueGlobalComponentName
 0004:00004E58       Classes.IsUniqueGlobalComponentNameProc
 0001:00020BD0       Classes.MakeObjectInstance
 0001:0001914C       Classes.Min
 0001:00020BA0       Classes.ModuleUnload
 0003:00000C44       Classes.NilMethod
 0001:000188BC       Classes.NotifyGlobalLoading
 0001:00017714       Classes.Point
 0001:0001C134       Classes.PropertyNotFound
 0001:0001D578       Classes.PropPathError
 0001:0001C128       Classes.PropValueError
 0001:0001B058       Classes.RaiseException
 0001:0001E9AC       Classes.ReadCustomVariant
 0001:0001C110       Classes.ReadError
 0001:0001CA88       Classes.Recover
 0001:0001772C       Classes.Rect
 0004:00004E68       Classes.RegGroups
 0001:000183A4       Classes.RegisterClass
 0001:00018724       Classes.RegisterFindGlobalComponentProc
 0001:000185F8       Classes.RegisterIntegerConsts
 0003:00000C20       Classes.RemoveDataModule
 0001:0001BFE0       Classes.RemoveFixupReferences
 0001:0001C08C       Classes.RemoveFixups
 0001:0001C3F4       Classes.RemoveGlobalFixup
 0001:0001F23C       Classes.RemoveThread
 0001:0001F1FC       Classes.ResetSyncEvent
 0001:00018B60       Classes.ReturnAddr
 0001:000198F4       Classes.ReturnAddr
 0001:0001CBF8       Classes.SetCompName
 0001:0001C160       Classes.SetElementValue
 0001:0001D8F0       Classes.SetInterfaceReference
 0001:0001D80C       Classes.SetIntIdent
 0001:0001D854       Classes.SetObjectIdent
 0001:0001CA00       Classes.SetSubComponentState
 0001:0001D894       Classes.SetVariantReference
 0001:0001F224       Classes.SignalSyncEvent
 0001:0001E4CC       Classes.SkipBinary
 0001:0001E4FC       Classes.SkipCollection
 0001:0001E4A4       Classes.SkipList
 0001:00018460       Classes.StartClassGroup
 0001:00020BA8       Classes.StdWndProc
 0001:0001AD60       Classes.StringListCompareStrings
 0004:00004E5C       Classes.SyncEvent
 0003:00000C4C       Classes.SyncList
 0001:000205A0       Classes.TBasicAction.Change
 0001:0002042C       Classes.TBasicAction.Create
 0001:00020470       Classes.TBasicAction.Destroy
 0001:0002050C       Classes.TBasicAction.Execute
 0001:000204DC       Classes.TBasicAction.ExecuteTarget
 0001:000204D8       Classes.TBasicAction.HandlesTarget
 0001:000204E0       Classes.TBasicAction.Notification
 0001:000205B4       Classes.TBasicAction.RegisterChanges
 0001:00020600       Classes.TBasicAction.SetActionComponent
 0001:00020544       Classes.TBasicAction.SetOnExecute
 0001:000205C0       Classes.TBasicAction.UnRegisterChanges
 0001:00020528       Classes.TBasicAction.Update
 0001:00020508       Classes.TBasicAction.UpdateTarget
 0001:0002037C       Classes.TBasicActionLink.AssignClient
 0001:000203B4       Classes.TBasicActionLink.Change
 0001:00020338       Classes.TBasicActionLink.Create
 0001:00020380       Classes.TBasicActionLink.Destroy
 0001:000203CC       Classes.TBasicActionLink.Execute
 0001:00020414       Classes.TBasicActionLink.IsOnExecuteLinked
 0001:000203E8       Classes.TBasicActionLink.SetAction
 0001:00020418       Classes.TBasicActionLink.SetOnExecute
 0001:00020420       Classes.TBasicActionLink.Update
 0001:00019104       Classes.TBits.Destroy
 0001:00019134       Classes.TBits.Error
 0001:00019228       Classes.TBits.OpenBit
 0001:000191FC       Classes.TBits.SetBit
 0001:00019158       Classes.TBits.SetSize
 0001:000180D4       Classes.TClassFinder.Create
 0001:00018200       Classes.TClassFinder.Destroy
 0001:00018230       Classes.TClassFinder.GetClass
 0001:000194FC       Classes.TCollection.Add
 0001:0001951C       Classes.TCollection.Clear
 0001:0001FBE0       Classes.TComponent.BeforeDestruction
 0001:00020128       Classes.TComponent.ChangeName
 0001:0001FB10       Classes.TComponent.Create
 0001:0001FEA8       Classes.TComponent.DefineProperties
 0001:0001FB5C       Classes.TComponent.Destroy
 0001:0001FD70       Classes.TComponent.DestroyComponents
 0001:0001FDCC       Classes.TComponent.Destroying
 0001:00020244       Classes.TComponent.ExecuteAction
 0001:00020048       Classes.TComponent.FindComponent
 0001:0001FBEC       Classes.TComponent.FreeNotification
 0001:0001FF4C       Classes.TComponent.GetChildOwner
 0001:0001FF50       Classes.TComponent.GetChildParent
 0001:0001FF44       Classes.TComponent.GetChildren
 0001:0002013C       Classes.TComponent.GetComponent
 0001:00020168       Classes.TComponent.GetComponentCount
 0001:0001FF54       Classes.TComponent.GetNamePath
 0001:0001FF68       Classes.TComponent.GetOwner
 0001:0001FF70       Classes.TComponent.GetParentComponent
 0001:0001FF40       Classes.TComponent.HasParent
 0001:0001FC80       Classes.TComponent.Insert
 0001:0001FCD4       Classes.TComponent.InsertComponent
 0001:00020334       Classes.TComponent.IntfGetComponent
 0001:0001FF90       Classes.TComponent.Loaded
 0001:0001FE48       Classes.TComponent.Notification
 0001:0001FF9C       Classes.TComponent.PaletteCreated
 0001:000202B4       Classes.TComponent.QueryInterface
 0001:0001FC40       Classes.TComponent.ReadLeft
 0001:0001FFA0       Classes.TComponent.ReadState
 0001:0001FC54       Classes.TComponent.ReadTop
 0001:0001FCAC       Classes.TComponent.Remove
 0001:0001FD38       Classes.TComponent.RemoveComponent
 0001:0001FE2C       Classes.TComponent.RemoveFreeNotification
 0001:0001FE08       Classes.TComponent.RemoveNotification
 0001:00020294       Classes.TComponent.SafeCallException
 0001:0001FF6C       Classes.TComponent.SetChildOrder
 0001:00020178       Classes.TComponent.SetComponentIndex
 0001:000201CC       Classes.TComponent.SetDesigning
 0001:00020098       Classes.TComponent.SetName
 0001:0001FF74       Classes.TComponent.SetParentComponent
 0001:0002021C       Classes.TComponent.SetReference
 0001:0002026C       Classes.TComponent.UpdateAction
 0001:0001FF84       Classes.TComponent.Updated
 0001:000202AC       Classes.TComponent.UpdateRegistry
 0001:0001FF78       Classes.TComponent.Updating
 0001:00020030       Classes.TComponent.ValidateContainer
 0001:00020044       Classes.TComponent.ValidateInsert
 0001:0001FFB0       Classes.TComponent.ValidateRename
 0001:0001FC68       Classes.TComponent.WriteLeft
 0001:0001FFA8       Classes.TComponent.WriteState
 0001:0001FC74       Classes.TComponent.WriteTop
 0001:000202F4       Classes.TComponent._AddRef
 0001:00020314       Classes.TComponent._Release
 0001:0001B63C       Classes.TCustomMemoryStream.Read
 0001:0001B674       Classes.TCustomMemoryStream.Seek
 0001:0001B634       Classes.TCustomMemoryStream.SetPointer
 0001:0001B9E4       Classes.TFiler.Create
 0001:0001BA2C       Classes.TFiler.Destroy
 0001:0001BA54       Classes.TFiler.SetRoot
 0001:0001B48C       Classes.TFileStream.Create
 0001:0001B448       Classes.TFileStream.Create
 0001:0001B600       Classes.TFileStream.Destroy
 0001:0001B384       Classes.THandleStream.Create
 0001:0001B3C0       Classes.THandleStream.Read
 0001:0001B3E0       Classes.THandleStream.Seek
 0001:0001B420       Classes.THandleStream.SetSize
 0001:0001B40C       Classes.THandleStream.SetSize
 0001:0001B3D0       Classes.THandleStream.Write
 0004:00004E8C       Classes.ThreadCount
 0004:00004E74       Classes.ThreadLock
 0001:0001F43C       Classes.ThreadProc
 0001:000185C0       Classes.TIntConst.Create
 0001:00019444       Classes.TInterfacedPersistent.AfterConstruction
 0001:000194D4       Classes.TInterfacedPersistent.QueryInterface
 0001:00019494       Classes.TInterfacedPersistent._AddRef
 0001:000194B4       Classes.TInterfacedPersistent._Release
 0001:00018AB8       Classes.TList.Add
 0001:00018AEC       Classes.TList.Clear
 0001:00018B04       Classes.TList.Delete
 0001:00018A98       Classes.TList.Destroy
 0001:00018B9C       Classes.TList.Error
 0001:00018B64       Classes.TList.Error
 0001:00018BF0       Classes.TList.Expand
 0001:00018EB4       Classes.TList.Extract
 0001:00018C08       Classes.TList.First
 0001:00018C10       Classes.TList.Get
 0001:00018C38       Classes.TList.Grow
 0001:00018C6C       Classes.TList.IndexOf
 0001:00018C90       Classes.TList.Insert
 0001:00018CFC       Classes.TList.Last
 0001:00018EF0       Classes.TList.Notify
 0001:00018D90       Classes.TList.Pack
 0001:00018D20       Classes.TList.Put
 0001:00018D70       Classes.TList.Remove
 0001:00018E04       Classes.TList.SetCapacity
 0001:00018E40       Classes.TList.SetCount
 0001:0001B6C4       Classes.TMemoryStream.Clear
 0001:0001B698       Classes.TMemoryStream.Destroy
 0001:0001B6DC       Classes.TMemoryStream.LoadFromStream
 0001:0001B768       Classes.TMemoryStream.Realloc
 0001:0001B714       Classes.TMemoryStream.SetCapacity
 0001:0001B73C       Classes.TMemoryStream.SetSize
 0001:0001B7E8       Classes.TMemoryStream.Write
 0001:000192CC       Classes.TPersistent.Assign
 0001:000192E0       Classes.TPersistent.AssignError
 0001:0001939C       Classes.TPersistent.AssignTo
 0001:000193A4       Classes.TPersistent.DefineProperties
 0001:000192A0       Classes.TPersistent.Destroy
 0001:000193A8       Classes.TPersistent.GetNamePath
 0001:00019440       Classes.TPersistent.GetOwner
 0001:0001BB48       Classes.TPropFixup.Create
 0001:0001BBA0       Classes.TPropFixup.MakeGlobalReference
 0001:0001BC08       Classes.TPropFixup.ResolveReference
 0001:0001BC18       Classes.TPropIntfFixup.ResolveReference
 0001:0001C1B4       Classes.TReader.CheckValue
 0001:0001C214       Classes.TReader.DefineBinaryProperty
 0001:0001C1D8       Classes.TReader.DefineProperty
 0001:0001C178       Classes.TReader.Destroy
 0001:0001C470       Classes.TReader.DoFixupReferences
 0001:0001C2FC       Classes.TReader.EndOfList
 0001:0001C310       Classes.TReader.Error
 0001:0001E7F8       Classes.TReader.FindAncestorComponent
 0001:0001E8F0       Classes.TReader.FindComponentClass
 0001:0001C3A4       Classes.TReader.FindMethod
 0001:0001C334       Classes.TReader.FindMethodInstance
 0001:0001C5B4       Classes.TReader.FlushBuffer
 0001:0001C5D8       Classes.TReader.FreeFixups
 0001:0001C614       Classes.TReader.GetFieldClass
 0001:0001C6A8       Classes.TReader.GetPosition
 0001:0001C6C0       Classes.TReader.NextValue
 0001:0001C6D0       Classes.TReader.PropertyError
 0001:0001C6E4       Classes.TReader.Read
 0001:0001C76C       Classes.TReader.ReadBoolean
 0001:0001C730       Classes.TReader.ReadBuffer
 0001:0001C780       Classes.TReader.ReadChar
 0001:0001C874       Classes.TReader.ReadCollection
 0001:0001CD3C       Classes.TReader.ReadComponent
 0001:0001D17C       Classes.TReader.ReadCurrency
 0001:0001CF7C       Classes.TReader.ReadData
 0001:0001CFEC       Classes.TReader.ReadDataInner
 0001:0001D1CC       Classes.TReader.ReadDate
 0001:0001D0F4       Classes.TReader.ReadDouble
 0001:0001D0BC       Classes.TReader.ReadFloat
 0001:0001D210       Classes.TReader.ReadIdent
 0001:0001D414       Classes.TReader.ReadInt64
 0001:0001D3A8       Classes.TReader.ReadInteger
 0001:0001D458       Classes.TReader.ReadListBegin
 0001:0001D460       Classes.TReader.ReadListEnd
 0001:0001D468       Classes.TReader.ReadPrefix
 0001:0001D594       Classes.TReader.ReadProperty
 0001:0001D9B0       Classes.TReader.ReadPropValue
 0001:0001DD7C       Classes.TReader.ReadRootComponent
 0001:0001E0B0       Classes.TReader.ReadSet
 0001:0001E16C       Classes.TReader.ReadSignature
 0001:0001D138       Classes.TReader.ReadSingle
 0001:0001E190       Classes.TReader.ReadStr
 0001:0001E220       Classes.TReader.ReadString
 0001:0001E448       Classes.TReader.ReadValue
 0001:0001EB74       Classes.TReader.ReadVariant
 0001:0001C814       Classes.TReader.ReadWideChar
 0001:0001E308       Classes.TReader.ReadWideString
 0001:0001E8B0       Classes.TReader.ReferenceName
 0001:0001E8C8       Classes.TReader.SetName
 0001:0001E964       Classes.TReader.SkipBytes
 0001:0001E750       Classes.TReader.SkipComponent
 0001:0001E708       Classes.TReader.SkipProperty
 0001:0001E45C       Classes.TReader.SkipSetBody
 0001:0001E558       Classes.TReader.SkipValue
 0001:00017858       Classes.TRegGroup.AddClass
 0001:00017864       Classes.TRegGroup.BestClass
 0001:000178C4       Classes.TRegGroup.BestGroup
 0001:00017934       Classes.TRegGroup.Create
 0001:00017990       Classes.TRegGroup.Destroy
 0001:000179D0       Classes.TRegGroup.GetClass
 0001:00017A20       Classes.TRegGroup.InGroup
 0001:00017A64       Classes.TRegGroup.RegisterClass
 0001:00017B18       Classes.TRegGroup.Registered
 0001:00017B80       Classes.TRegGroup.UnregisterModuleClasses
 0001:00017CC0       Classes.TRegGroups.Activate
 0001:00017D0C       Classes.TRegGroups.Create
 0001:00017D80       Classes.TRegGroups.Destroy
 0001:00017DE0       Classes.TRegGroups.FindGroup
 0001:00017E24       Classes.TRegGroups.GetClass
 0001:00017EEC       Classes.TRegGroups.GroupWith
 0001:00017FC0       Classes.TRegGroups.Lock
 0001:00017FCC       Classes.TRegGroups.RegisterClass
 0001:00017FE4       Classes.TRegGroups.Registered
 0001:00018028       Classes.TRegGroups.StartGroup
 0001:00018078       Classes.TRegGroups.Unlock
 0001:00018084       Classes.TRegGroups.UnregisterModuleClasses
 0001:0001B838       Classes.TResourceStream.Create
 0001:0001B99C       Classes.TResourceStream.Destroy
 0001:0001B930       Classes.TResourceStream.Initialize
 0001:0001B9CC       Classes.TResourceStream.Write
 0001:0001B230       Classes.TStream.CopyFrom
 0001:0001AF6C       Classes.TStream.GetPosition
 0001:0001AFA0       Classes.TStream.GetSize
 0001:0001B1C0       Classes.TStream.ReadBuffer
 0001:0001B324       Classes.TStream.ReadComponent
 0001:0001B150       Classes.TStream.Seek
 0001:0001B0CC       Classes.TStream.Seek
 0001:0001AF8C       Classes.TStream.SetPosition
 0001:0001AFEC       Classes.TStream.SetSize
 0001:0001B004       Classes.TStream.SetSize
 0001:0001AFF0       Classes.TStream.SetSize64
 0001:0001B1F8       Classes.TStream.WriteBuffer
 0001:00020B1C       Classes.TStreamAdapter.Clone
 0001:00020A70       Classes.TStreamAdapter.Commit
 0001:00020868       Classes.TStreamAdapter.CopyTo
 0001:0002062C       Classes.TStreamAdapter.Create
 0001:00020678       Classes.TStreamAdapter.Destroy
 0001:00020A88       Classes.TStreamAdapter.LockRegion
 0001:000206B0       Classes.TStreamAdapter.Read
 0001:00020A7C       Classes.TStreamAdapter.Revert
 0001:00020780       Classes.TStreamAdapter.Seek
 0001:00020804       Classes.TStreamAdapter.SetSize
 0001:00020AA0       Classes.TStreamAdapter.Stat
 0001:00020A94       Classes.TStreamAdapter.UnlockRegion
 0001:00020718       Classes.TStreamAdapter.Write
 0001:0001A760       Classes.TStringList.Add
 0001:0001A770       Classes.TStringList.AddObject
 0001:0001A7D4       Classes.TStringList.Changed
 0001:0001A7F0       Classes.TStringList.Changing
 0001:0001A80C       Classes.TStringList.Clear
 0001:0001ADC8       Classes.TStringList.CompareStrings
 0001:0001AF34       Classes.TStringList.Create
 0001:0001AD90       Classes.TStringList.CustomSort
 0001:0001A874       Classes.TStringList.Delete
 0001:0001A6DC       Classes.TStringList.Destroy
 0001:0001A8F4       Classes.TStringList.Exchange
 0001:0001A950       Classes.TStringList.ExchangeItems
 0001:0001A974       Classes.TStringList.Find
 0001:0001A9F8       Classes.TStringList.Get
 0001:0001AA2C       Classes.TStringList.GetCapacity
 0001:0001AA30       Classes.TStringList.GetCount
 0001:0001AA34       Classes.TStringList.GetObject
 0001:0001AA5C       Classes.TStringList.Grow
 0001:0001AA90       Classes.TStringList.IndexOf
 0001:0001AACC       Classes.TStringList.Insert
 0001:0001AB30       Classes.TStringList.InsertItem
 0001:0001AADC       Classes.TStringList.InsertObject
 0001:0001ABAC       Classes.TStringList.Put
 0001:0001AC08       Classes.TStringList.PutObject
 0001:0001AC48       Classes.TStringList.QuickSort
 0001:0001ACE0       Classes.TStringList.SetCapacity
 0001:0001AD20       Classes.TStringList.SetSorted
 0001:0001AD40       Classes.TStringList.SetUpdateState
 0001:0001AD80       Classes.TStringList.Sort
 0001:000195B4       Classes.TStrings.Add
 0001:000195D8       Classes.TStrings.AddObject
 0001:000195FC       Classes.TStrings.AddStrings
 0001:000196B4       Classes.TStrings.Assign
 0001:00019770       Classes.TStrings.BeginUpdate
 0001:0001A5D0       Classes.TStrings.CompareStrings
 0001:000197E0       Classes.TStrings.DefineProperties
 0001:00019584       Classes.TStrings.Destroy
 0001:00019838       Classes.TStrings.EndUpdate
 0001:0001984C       Classes.TStrings.Equals
 0001:000198F8       Classes.TStrings.Error
 0001:00019930       Classes.TStrings.Error
 0001:00019988       Classes.TStrings.Exchange
 0001:00019A74       Classes.TStrings.GetCapacity
 0001:0001A568       Classes.TStrings.GetLineBreak
 0001:0001A6A0       Classes.TStrings.GetNameValueSeparator
 0001:00019A7C       Classes.TStrings.GetObject
 0001:00019A80       Classes.TStrings.GetText
 0001:00019AD4       Classes.TStrings.GetTextStr
 0001:00019C6C       Classes.TStrings.IndexOf
 0001:00019CF8       Classes.TStrings.IndexOfName
 0001:00019DCC       Classes.TStrings.IndexOfObject
 0001:00019E00       Classes.TStrings.InsertObject
 0001:00019E30       Classes.TStrings.LoadFromFile
 0001:00019E84       Classes.TStrings.LoadFromFile
 0001:00019EEC       Classes.TStrings.LoadFromStream
 0001:00019EE0       Classes.TStrings.LoadFromStream
 0001:00019FE0       Classes.TStrings.Move
 0001:0001A090       Classes.TStrings.Put
 0001:0001A0C0       Classes.TStrings.PutObject
 0001:0001A0C4       Classes.TStrings.ReadData
 0001:0001A174       Classes.TStrings.SaveToFile
 0001:0001A184       Classes.TStrings.SaveToFile
 0001:0001A1F4       Classes.TStrings.SaveToStream
 0001:0001A1E4       Classes.TStrings.SaveToStream
 0001:0001A2AC       Classes.TStrings.SetCapacity
 0001:0001A5A4       Classes.TStrings.SetLineBreak
 0001:0001A6BC       Classes.TStrings.SetNameValueSeparator
 0001:0001A2B0       Classes.TStrings.SetStringsAdapter
 0001:0001A2E4       Classes.TStrings.SetText
 0001:0001A334       Classes.TStrings.SetTextStr
 0001:0001A4E0       Classes.TStrings.SetUpdateState
 0001:0001A4E4       Classes.TStrings.WriteData
 0001:0001F678       Classes.TThread.AfterConstruction
 0001:0001F720       Classes.TThread.CallOnTerminate
 0001:0001F708       Classes.TThread.CheckThreadError
 0001:0001F68C       Classes.TThread.CheckThreadError
 0001:0001F4F0       Classes.TThread.Create
 0001:0001F5F8       Classes.TThread.Destroy
 0001:0001F734       Classes.TThread.DoTerminate
 0001:0001F748       Classes.TThread.RemoveQueuedEvents
 0001:0001FA04       Classes.TThread.Resume
 0001:0001F9D0       Classes.TThread.Synchronize
 0001:0001F80C       Classes.TThread.Synchronize
 0001:0001FA2C       Classes.TThread.Terminate
 0001:0001FA50       Classes.TThread.WaitFor
 0001:00018FC4       Classes.TThreadList.Add
 0001:0001904C       Classes.TThreadList.Clear
 0001:00018EF4       Classes.TThreadList.Create
 0001:00018F48       Classes.TThreadList.Destroy
 0001:00019094       Classes.TThreadList.LockList
 0001:000190A8       Classes.TThreadList.Remove
 0001:000190F8       Classes.TThreadList.UnlockList
 0001:0001ED94       Classes.TWriter.Write
 0001:0001EDF8       Classes.TWriter.WriteBoolean
 0001:0001EDE0       Classes.TWriter.WriteBuffer
 0001:0001EE0C       Classes.TWriter.WriteInteger
 0001:0001EE80       Classes.TWriter.WriteListBegin
 0001:0001EE88       Classes.TWriter.WriteListEnd
 0001:0001EE90       Classes.TWriter.WriteMinStr
 0001:0001EFE4       Classes.TWriter.WriteString
 0001:0001F11C       Classes.TWriter.WriteValue
 0001:00018764       Classes.UnregisterFindGlobalComponentProc
 0001:00018414       Classes.UnRegisterModuleClasses
 0003:00000C54       Classes.UtilWindowClass
 0001:0001F208       Classes.WaitForSyncEvent
 0003:00000C38       Classes.WakeMainThread
 0004:0000505C       Clipbrd..3
 0004:0000505A       Clipbrd.CF_COMPONENT
 0004:00005058       Clipbrd.CF_PICTURE
 0002:000004D4       Clipbrd.Clipbrd
 0004:00005060       Clipbrd.FClipboard
 0001:00032EFC       Clipbrd.Finalization
 0004:0000506C       ComCtrls..96
 0001:000347AC       ComCtrls..TConversion
 0002:000005A0       ComCtrls.ComCtrls
 0004:00005070       ComCtrls.ConversionFormatList
 0001:000349B8       ComCtrls.Finalization
 0001:0003495C       ComCtrls.FreeConversionFormatList
 0004:00005078       ComCtrls.FRichEditModule
 0003:00001524       ComCtrls.RTFConversionFormat
 0004:00005074       ComCtrls.ShellModule
 0001:000348A4       ComCtrls.TConversion.ConvertReadStream
 0001:00034900       ComCtrls.TConversion.ConvertWriteStream
 0001:0003486C       ComCtrls.TConversion.Create
 0003:0000152C       ComCtrls.TextConversionFormat
 0001:000234D4       CommCtrl.FlatSB_GetScrollInfo
 0001:000234DC       CommCtrl.FlatSB_GetScrollPos
 0001:000234E4       CommCtrl.FlatSB_SetScrollInfo
 0001:000234EC       CommCtrl.FlatSB_SetScrollPos
 0001:000234F4       CommCtrl.FlatSB_SetScrollProp
 0001:00023444       CommCtrl.ImageList_Add
 0001:00023474       CommCtrl.ImageList_BeginDrag
 0001:00023424       CommCtrl.ImageList_Create
 0001:0002342C       CommCtrl.ImageList_Destroy
 0001:00023484       CommCtrl.ImageList_DragEnter
 0001:0002348C       CommCtrl.ImageList_DragLeave
 0001:00023494       CommCtrl.ImageList_DragMove
 0001:0002349C       CommCtrl.ImageList_DragShowNolock
 0001:0002345C       CommCtrl.ImageList_Draw
 0001:00023464       CommCtrl.ImageList_DrawEx
 0001:0002347C       CommCtrl.ImageList_EndDrag
 0001:00023454       CommCtrl.ImageList_GetBkColor
 0001:000234A4       CommCtrl.ImageList_GetDragImage
 0001:000234BC       CommCtrl.ImageList_GetIconSize
 0001:00023434       CommCtrl.ImageList_GetImageCount
 0001:000234AC       CommCtrl.ImageList_Read
 0001:0002346C       CommCtrl.ImageList_Remove
 0001:0002344C       CommCtrl.ImageList_SetBkColor
 0001:000234C4       CommCtrl.ImageList_SetIconSize
 0001:0002343C       CommCtrl.ImageList_SetImageCount
 0001:000234B4       CommCtrl.ImageList_Write
 0001:000234FC       CommCtrl.InitializeFlatSB
 0001:000234CC       CommCtrl._TrackMouseEvent
 0001:00020ED0       Contnrs..TComponentList
 0001:000210D8       Contnrs..TComponentListNexus
 0001:00020E5C       Contnrs..TObjectList
 0001:00020F48       Contnrs..TOrderedList
 0001:00020FBC       Contnrs..TStack
 0001:000211D4       Contnrs.TComponentList.Add
 0001:000211DC       Contnrs.TComponentList.Destroy
 0001:0002120C       Contnrs.TComponentList.Extract
 0001:00021220       Contnrs.TComponentList.GetItems
 0001:00021234       Contnrs.TComponentList.HandleFreeNotify
 0001:0002123C       Contnrs.TComponentList.IndexOf
 0001:00021244       Contnrs.TComponentList.Notify
 0001:000212AC       Contnrs.TComponentList.Remove
 0001:000211A4       Contnrs.TComponentListNexus.Notification
 0001:00021028       Contnrs.TObjectList.Add
 0001:00021030       Contnrs.TObjectList.Create
 0001:00021074       Contnrs.TObjectList.Extract
 0001:00021088       Contnrs.TObjectList.GetItem
 0001:0002109C       Contnrs.TObjectList.IndexOf
 0001:000210A4       Contnrs.TObjectList.Notify
 0001:000210D0       Contnrs.TObjectList.Remove
 0001:000212CC       Contnrs.TOrderedList.Create
 0001:00021310       Contnrs.TOrderedList.Destroy
 0001:00021340       Contnrs.TOrderedList.PeekItem
 0001:000212B4       Contnrs.TOrderedList.Pop
 0001:00021354       Contnrs.TOrderedList.PopItem
 0001:000212BC       Contnrs.TOrderedList.Push
 0001:00021374       Contnrs.TStack.PushItem
 0004:000050DC       Controls..73
 0001:0003D950       Controls..TBaseDragControlObject
 0001:0003ED60       Controls..TControl
 0001:0003DE74       Controls..TControlActionLink
 0001:0003DCD4       Controls..TControlCanvas
 0001:0003FB28       Controls..TCustomControl
 0001:0003DD80       Controls..TCustomControlAction
 0001:00040648       Controls..TCustomHint
 0001:000405CC       Controls..TCustomHintShowHideThread
 0001:0004041C       Controls..TCustomHintWindow
 0001:000402C8       Controls..TDockTree
 0001:00040170       Controls..TDockZone
 0001:0003DA20       Controls..TDragControlObject
 0001:0003DAB8       Controls..TDragControlObjectEx
 0001:0003DB54       Controls..TDragDockObject
 0001:0003DC28       Controls..TDragDockObjectEx
 0001:0003FE44       Controls..TDragImageList
 0001:0003D8A0       Controls..TDragObject
 0001:0003F9F8       Controls..TGraphicControl
 0001:0003FCA4       Controls..THintWindow
 0001:0003FF1C       Controls..TImageList
 0001:0003E2DC       Controls..TMargins
 0001:00040378       Controls..TMouse
 0001:0003E400       Controls..TPadding
 0001:00040DE4       Controls..TSiteList
 0001:0003E184       Controls..TSizeConstraints
 0001:0003F5CC       Controls..TWinControl
 0001:0003F22C       Controls..TWinControlActionLink
 0001:00041464       Controls.AbsMin
 0004:00005110       Controls.ActiveDrag
 0001:00047BB4       Controls.AlignNestedControls
 0001:00047B60       Controls.AlignWork
 0003:000016F0       Controls.AnchorAlign
 0003:000016E4       Controls.AnimateWindowProc
 0003:000017EC       Controls.AnimationStyle
 0001:000444E4       Controls.BackgroundClipped
 0001:00051B48       Controls.CalcSplitterPos
 0001:000424F4       Controls.CancelDrag
 0004:00005124       Controls.CanvasList
 0003:000017A8       Controls.CaptureControl
 0001:000407B0       Controls.ChangeBiDiModeAlignment
 0001:0004215C       Controls.CheckUndock
 0001:0004E878       Controls.ClientToWindow
 0004:000050E2       Controls.ControlAtom
 0004:000050E8       Controls.ControlAtomString
 0002:000006B4       Controls.Controls
 0003:000016EC       Controls.CreationControl
 0003:000017E4       Controls.Ctl3DStyles
 0003:000016F8       Controls.Cursors
 0001:00040C78       Controls.CursorToIdent
 0003:000016E8       Controls.DefaultDockTreeClass
 0001:00048F20       Controls.DestroyChildWindow
 0001:00047E2C       Controls.DoAdjustSize
 0001:000479D4       Controls.DoAlign
 0001:0004D078       Controls.DoCalcConstraints
 0004:00005118       Controls.DockSiteList
 0001:00049DF4       Controls.DoControlMsg
 0001:00041A64       Controls.DoDragOver
 0001:0004F568       Controls.DoFindControlZone
 0001:0004FC90       Controls.DoFindZone
 0001:0004F5EC       Controls.DoForEach
 0001:00051314       Controls.DoGetNextLimit
 0001:00052440       Controls.DoneControls
 0001:0004798C       Controls.DoPosition
 0001:000507B0       Controls.DoPrune
 0001:00050CF8       Controls.DoSaveZone
 0001:00050FFC       Controls.DoSetNewBounds
 0001:00048BB4       Controls.DoWriteDesignSize
 0001:000458BC       Controls.DoWriteExplicit
 0001:00045888       Controls.DoWriteIsControl
 0004:000050FC       Controls.DragCapture
 0004:000050F0       Controls.DragControl
 0001:000421D0       Controls.DragDone
 0001:00041A14       Controls.DragFindTarget
 0001:000419E8       Controls.DragFindWindow
 0004:00005114       Controls.DragImageList
 0001:00041E28       Controls.DragInit
 0001:00041F98       Controls.DragInitControl
 0004:000050F8       Controls.DragInternalObject
 0001:00041930       Controls.DragMessage
 0004:000050F4       Controls.DragObject
 0004:00005120       Controls.DragSave
 0004:00005108       Controls.DragSaveCursor
 0004:00005100       Controls.DragStartPos
 0004:0000510C       Controls.DragThreshold
 0001:00041B40       Controls.DragTo
 0001:00050234       Controls.DrawCloseButton
 0001:000502C8       Controls.DrawGrabberLine
 0001:00050350       Controls.DrawThemedGrabber
 0001:0004A2A4       Controls.DrawThemeEdge
 0003:000017D4       Controls.EdgeStyles
 0001:00053A3C       Controls.Finalization
 0001:00040908       Controls.FindControl
 0001:00042540       Controls.FindDragTarget
 0001:0004250C       Controls.FindVCLWindow
 0004:00005128       Controls.FlagControl
 0001:00042604       Controls.FreeDeviceContext
 0001:000426C0       Controls.FreeDeviceContexts
 0001:00040D78       Controls.GetCaptureControl
 0001:000477FC       Controls.GetClientSize
 0001:0004942C       Controls.GetControlAtPos
 0001:000513F4       Controls.GetDockAlign
 0001:00041788       Controls.GetDockSiteAtPos
 0001:00041AA0       Controls.GetDropCtl
 0001:0004F294       Controls.GetLastChildZone
 0001:00040CE0       Controls.GetLongHint
 0001:00040C98       Controls.GetShortHint
 0001:00040E90       Controls.GetTopParent
 0001:00051470       Controls.HideZone
 0001:00040C88       Controls.IdentToCursor
 0003:00001814       Controls.IMM32DLL
 0001:0005242C       Controls.Imm32IsIME
 0001:000524E0       Controls.InitControls
 0001:00051FF8       Controls.InitIMM32
 0001:000407C4       Controls.InitWndProc
 0003:000017B4       Controls.InnerStyles
 0001:0004785C       Controls.InsertBefore
 0001:00041548       Controls.IsBeforeTargetWindow
 0001:00041988       Controls.IsDelphiHandle
 0001:0004ECAC       Controls.IsOrientationSet
 0001:00041744       Controls.IsSiteChildOfClient
 0001:00040964       Controls.IsVCLControl
 0004:000050D0       Controls.IsVCLControlHook
 0001:000534D0       Controls.LatestHintWindow
 0001:0004258C       Controls.ListAdd
 0001:000425B4       Controls.ListRemove
 0003:00001800       Controls.MakeLast
 0001:00046A50       Controls.MinVar
 0003:00001818       Controls.ModeMap
 0004:000050CC       Controls.Mouse
 0001:000425D4       Controls.MoveWindowOrg
 0004:000050D8       Controls.NewStyleControls
 0001:0004EC90       Controls.NextVisibleZone
 0001:000408D4       Controls.ObjectFromHWnd
 0003:000017F8       Controls.OrientArray
 0003:000017C4       Controls.OuterStyles
 0001:0004F0BC       Controls.ParentNotLast
 0001:00040D28       Controls.PerformEraseBackground
 0001:00048BA0       Controls.PointsEqual
 0004:0000511C       Controls.QualifyingSites
 0001:0004FE2C       Controls.ReadControlName
 0001:000418D4       Controls.RegisterDockSite
 0004:000050EC       Controls.RM_GetObjectInstance
 0001:00040994       Controls.SendAppMessage
 0001:00040DA0       Controls.SetCaptureControl
 0001:00052354       Controls.SetImeMode
 0001:0004638C       Controls.SetParentColor
 0003:000017AC       Controls.ShowFlags
 0001:000514F0       Controls.ShowZone
 0003:0000180C       Controls.SizeCursors
 0001:00041264       Controls.TBaseDragControlObject.Assign
 0001:00041228       Controls.TBaseDragControlObject.Create
 0001:00041290       Controls.TBaseDragControlObject.EndDrag
 0001:000412B4       Controls.TBaseDragControlObject.Finished
 0001:00046780       Controls.TControl.ActionChange
 0001:00046B70       Controls.TControl.AdjustSize
 0001:000469A4       Controls.TControl.AssignTo
 0001:00044828       Controls.TControl.BeginAutoDrag
 0001:00044844       Controls.TControl.BeginDrag
 0001:00044344       Controls.TControl.BringToFront
 0001:000452A4       Controls.TControl.CalcCursorPos
 0001:00045448       Controls.TControl.CalcDockSizes
 0001:000451A4       Controls.TControl.CanAutoSize
 0001:000451A8       Controls.TControl.CanResize
 0001:00043CCC       Controls.TControl.ChangeScale
 0001:00045ED0       Controls.TControl.CheckNewSize
 0001:00045CBC       Controls.TControl.Click
 0001:00046DAC       Controls.TControl.ClientToParent
 0001:00043AD0       Controls.TControl.ClientToScreen
 0001:00046494       Controls.TControl.CMBiDiModeChanged
 0001:00046380       Controls.TControl.CMColorChanged
 0001:0004660C       Controls.TControl.CMDesignHitTest
 0001:00046368       Controls.TControl.CMEnabledChanged
 0001:00046720       Controls.TControl.CMFloat
 0001:00046374       Controls.TControl.CMFontChanged
 0001:00046BFC       Controls.TControl.CMHintShow
 0001:0004653C       Controls.TControl.CMHitTest
 0001:00046EBC       Controls.TControl.CMMouseActivate
 0001:00046544       Controls.TControl.CMMouseEnter
 0001:000465A8       Controls.TControl.CMMouseLeave
 0001:00046424       Controls.TControl.CMMouseWheel
 0001:00046400       Controls.TControl.CMParentBiDiModeChanged
 0001:000463C4       Controls.TControl.CMParentColorChanged
 0001:000464EC       Controls.TControl.CMParentFontChanged
 0001:000464B0       Controls.TControl.CMParentShowHintChanged
 0001:0004651C       Controls.TControl.CMSysFontChanged
 0001:00046340       Controls.TControl.CMVisibleChanged
 0001:00045274       Controls.TControl.ConstrainedResize
 0001:00042E40       Controls.TControl.Create
 0001:00046614       Controls.TControl.CreateFloatingDockSite
 0001:00045D34       Controls.TControl.DblClick
 0001:00044CD0       Controls.TControl.DefaultDockImage
 0001:000457D4       Controls.TControl.DefaultHandler
 0001:00045ADC       Controls.TControl.DefineProperties
 0001:000452D0       Controls.TControl.DesignWndProc
 0001:00042F50       Controls.TControl.Destroy
 0001:00046880       Controls.TControl.DoActionChange
 0001:000451D8       Controls.TControl.DoCanAutoSize
 0001:00045244       Controls.TControl.DoCanResize
 0001:000437A4       Controls.TControl.Dock
 0001:00044ABC       Controls.TControl.DockTrackNoTarget
 0001:00045304       Controls.TControl.DoConstrainedResize
 0001:00045198       Controls.TControl.DoConstraintsChange
 0001:00046D6C       Controls.TControl.DoContextPopup
 0001:000438D0       Controls.TControl.DoDock
 0001:00044E1C       Controls.TControl.DoDragMsg
 0001:00044AD4       Controls.TControl.DoEndDock
 0001:000449BC       Controls.TControl.DoEndDrag
 0001:00046EE0       Controls.TControl.DoMarginChange
 0001:00044B30       Controls.TControl.DoMouseActivate
 0001:00045D8C       Controls.TControl.DoMouseDown
 0001:00046100       Controls.TControl.DoMouseUp
 0001:00044B64       Controls.TControl.DoMouseWheel
 0001:00044C38       Controls.TControl.DoMouseWheelDown
 0001:00044C84       Controls.TControl.DoMouseWheelUp
 0001:00044B00       Controls.TControl.DoStartDock
 0001:0004499C       Controls.TControl.DoStartDrag
 0001:00044924       Controls.TControl.DragCanceled
 0001:00044970       Controls.TControl.DragDrop
 0001:00044928       Controls.TControl.Dragging
 0001:00044934       Controls.TControl.DragOver
 0001:00044DFC       Controls.TControl.DrawDragDockImage
 0001:00046B90       Controls.TControl.DrawTextBiDiModeFlags
 0001:00046BD0       Controls.TControl.DrawTextBiDiModeFlagsReadingOnly
 0001:00044E0C       Controls.TControl.EraseDragDockImage
 0001:00044154       Controls.TControl.FontChanged
 0001:000430E0       Controls.TControl.GetAction
 0001:000468A4       Controls.TControl.GetActionLinkClass
 0001:00046EF4       Controls.TControl.GetAlignWithMargins
 0001:00043960       Controls.TControl.GetBoundsRect
 0001:00043A00       Controls.TControl.GetClientHeight
 0001:00043A40       Controls.TControl.GetClientOrigin
 0001:000439A4       Controls.TControl.GetClientRect
 0001:000439BC       Controls.TControl.GetClientWidth
 0001:000447D8       Controls.TControl.GetControlsAlignment
 0001:00045420       Controls.TControl.GetCustomHint
 0001:0004443C       Controls.TControl.GetDeviceContext
 0001:00046A8C       Controls.TControl.GetDockEdge
 0001:00043024       Controls.TControl.GetDragImages
 0001:00043270       Controls.TControl.GetDragMode
 0001:00043028       Controls.TControl.GetEnabled
 0001:00046B3C       Controls.TControl.GetFloating
 0001:00046B68       Controls.TControl.GetFloatingDockSiteClass
 0001:0004430C       Controls.TControl.GetMouseCapture
 0001:00043030       Controls.TControl.GetPalette
 0001:0004303C       Controls.TControl.GetParentComponent
 0001:00045ECC       Controls.TControl.GetPopupMenu
 0001:0004409C       Controls.TControl.GetText
 0001:00044044       Controls.TControl.GetTextBuf
 0001:00044034       Controls.TControl.GetTextLen
 0001:00044050       Controls.TControl.GetUndockHeight
 0001:00044064       Controls.TControl.GetUndockWidth
 0001:00043034       Controls.TControl.HasParent
 0001:00046BEC       Controls.TControl.InitiateAction
 0001:00044600       Controls.TControl.Invalidate
 0001:0004456C       Controls.TControl.InvalidateControl
 0001:0004320C       Controls.TControl.IsAnchorsStored
 0001:000441C8       Controls.TControl.IsBiDiModeStored
 0001:000468AC       Controls.TControl.IsCaptionStored
 0001:000442A0       Controls.TControl.IsColorStored
 0001:000468CC       Controls.TControl.IsEnabledStored
 0001:000441A8       Controls.TControl.IsFontStored
 0001:0004690C       Controls.TControl.IsHelpContextStored
 0001:000468EC       Controls.TControl.IsHintStored
 0001:0004694C       Controls.TControl.IsOnClickStored
 0001:000441BC       Controls.TControl.IsShowHintStored
 0001:0004692C       Controls.TControl.IsVisibleStored
 0001:0004696C       Controls.TControl.Loaded
 0001:00044F0C       Controls.TControl.ManualDock
 0001:000450F8       Controls.TControl.ManualFloat
 0001:00044614       Controls.TControl.MouseActivate
 0001:00045D54       Controls.TControl.MouseDown
 0001:0004601C       Controls.TControl.MouseMove
 0001:000460C8       Controls.TControl.MouseUp
 0001:0004465C       Controls.TControl.MouseWheelHandler
 0001:0004333C       Controls.TControl.Notification
 0001:00043068       Controls.TControl.PaletteChanged
 0001:000453D8       Controls.TControl.Perform
 0001:0004540C       Controls.TControl.Perform
 0001:000449E8       Controls.TControl.PositionDockRect
 0001:00046FD0       Controls.TControl.ReadExplicitHeight
 0001:00046FE8       Controls.TControl.ReadExplicitLeft
 0001:00046FB8       Controls.TControl.ReadExplicitTop
 0001:00046F90       Controls.TControl.ReadExplicitWidth
 0001:00045868       Controls.TControl.ReadIsControl
 0001:00043298       Controls.TControl.ReadState
 0001:000446DC       Controls.TControl.Repaint
 0001:00043260       Controls.TControl.RequestAlign
 0001:00043278       Controls.TControl.Resize
 0001:00043AFC       Controls.TControl.ScaleConstraints
 0001:00043B80       Controls.TControl.ScaleMargins
 0001:00043C04       Controls.TControl.ScreenToClient
 0001:00043C30       Controls.TControl.SendCancelMode
 0001:00043C60       Controls.TControl.SendDockNotification
 0001:00043190       Controls.TControl.SetAction
 0001:000433A4       Controls.TControl.SetAlign
 0001:00046EFC       Controls.TControl.SetAlignWithMargins
 0001:000430F0       Controls.TControl.SetAnchors
 0001:00043E94       Controls.TControl.SetAutoSize
 0001:00044138       Controls.TControl.SetBiDiMode
 0001:0004348C       Controls.TControl.SetBounds
 0001:00043980       Controls.TControl.SetBoundsRect
 0001:00043A18       Controls.TControl.SetClientHeight
 0001:00043F50       Controls.TControl.SetClientSize
 0001:000439D4       Controls.TControl.SetClientWidth
 0001:00044254       Controls.TControl.SetColor
 0001:00046DA0       Controls.TControl.SetConstraints
 0001:000442F0       Controls.TControl.SetCursor
 0001:00044404       Controls.TControl.SetCustomHint
 0001:00043224       Controls.TControl.SetDesignVisible
 0001:0004325C       Controls.TControl.SetDragMode
 0001:0004401C       Controls.TControl.SetEnabled
 0001:00044198       Controls.TControl.SetFont
 0001:00043770       Controls.TControl.SetHeight
 0001:00043928       Controls.TControl.SetHelpContext
 0001:0004393C       Controls.TControl.SetHelpKeyword
 0001:000436D4       Controls.TControl.SetLeft
 0001:00046EE8       Controls.TControl.SetMargins
 0001:0004431C       Controls.TControl.SetMouseCapture
 0001:00043EAC       Controls.TControl.SetName
 0001:00043F98       Controls.TControl.SetParent
 0001:000442CC       Controls.TControl.SetParentBiDiMode
 0001:000442A8       Controls.TControl.SetParentColor
 0001:00043040       Controls.TControl.SetParentComponent
 0001:00044244       Controls.TControl.SetParentCustomHint
 0001:000441D0       Controls.TControl.SetParentFont
 0001:00044218       Controls.TControl.SetParentShowHint
 0001:00044078       Controls.TControl.SetPopupMenu
 0001:000441F4       Controls.TControl.SetShowHint
 0001:000440D4       Controls.TControl.SetText
 0001:0004352C       Controls.TControl.SetTextBuf
 0001:00043708       Controls.TControl.SetTop
 0001:00043FE4       Controls.TControl.SetVisible
 0001:0004373C       Controls.TControl.SetWidth
 0001:000443E0       Controls.TControl.SetZOrder
 0001:00044358       Controls.TControl.SetZOrderPosition
 0001:000446C4       Controls.TControl.Update
 0001:00043550       Controls.TControl.UpdateAnchorRules
 0001:000454BC       Controls.TControl.UpdateBoundsRect
 0001:00046F2C       Controls.TControl.UpdateExplicitBounds
 0001:000447F4       Controls.TControl.UseRightToLeftAlignment
 0001:000447DC       Controls.TControl.UseRightToLeftReading
 0001:0004480C       Controls.TControl.UseRightToLeftScrollBar
 0001:000454EC       Controls.TControl.VisibleChanging
 0001:00046250       Controls.TControl.WMCancelMode
 0001:00046C2C       Controls.TControl.WMContextMenu
 0001:00045E78       Controls.TControl.WMLButtonDblClk
 0001:00045E10       Controls.TControl.WMLButtonDown
 0001:00046138       Controls.TControl.WMLButtonUp
 0001:00045FF0       Controls.TControl.WMMButtonDblClk
 0001:00045FC4       Controls.TControl.WMMButtonDown
 0001:000461D8       Controls.TControl.WMMButtonUp
 0001:00046050       Controls.TControl.WMMouseMove
 0001:000461F8       Controls.TControl.WMMouseWheel
 0001:00045E5C       Controls.TControl.WMNCLButtonDown
 0001:00045F98       Controls.TControl.WMRButtonDblClk
 0001:00045F6C       Controls.TControl.WMRButtonDown
 0001:000461B8       Controls.TControl.WMRButtonUp
 0001:00046290       Controls.TControl.WMWindowPosChanged
 0001:000454F0       Controls.TControl.WndProc
 0001:00046F70       Controls.TControl.WriteExplicitHeight
 0001:00046F80       Controls.TControl.WriteExplicitLeft
 0001:00046F60       Controls.TControl.WriteExplicitTop
 0001:00046FA8       Controls.TControl.WriteExplicitWidth
 0001:0004587C       Controls.TControl.WriteIsControl
 0001:000429DC       Controls.TControlActionLink.AssignClient
 0001:000429F8       Controls.TControlActionLink.DoShowHint
 0001:00042AF4       Controls.TControlActionLink.IsCaptionLinked
 0001:00042B68       Controls.TControlActionLink.IsDropdownMenuLinked
 0001:00042B7C       Controls.TControlActionLink.IsEnabledLinked
 0001:00042BB0       Controls.TControlActionLink.IsEnableDropdownLinked
 0001:00042D54       Controls.TControlActionLink.IsHelpLinked
 0001:00042BC4       Controls.TControlActionLink.IsHintLinked
 0001:00042C70       Controls.TControlActionLink.IsOnExecuteLinked
 0001:00042BFC       Controls.TControlActionLink.IsPopupMenuLinked
 0001:00042C3C       Controls.TControlActionLink.IsVisibleLinked
 0001:00042C98       Controls.TControlActionLink.SetCaption
 0001:00042CB8       Controls.TControlActionLink.SetDropdownMenu
 0001:00042CBC       Controls.TControlActionLink.SetEnabled
 0001:00042CE0       Controls.TControlActionLink.SetEnableDropdown
 0001:00042DDC       Controls.TControlActionLink.SetHelpContext
 0001:00042DBC       Controls.TControlActionLink.SetHelpKeyword
 0001:00042DFC       Controls.TControlActionLink.SetHelpType
 0001:00042CE4       Controls.TControlActionLink.SetHint
 0001:00042D28       Controls.TControlActionLink.SetOnExecute
 0001:00042E1C       Controls.TControlActionLink.SetPopupMenu
 0001:00042D08       Controls.TControlActionLink.SetVisible
 0001:00042798       Controls.TControlCanvas.CreateHandle
 0001:0004276C       Controls.TControlCanvas.Destroy
 0001:00042840       Controls.TControlCanvas.FreeHandle
 0001:00042874       Controls.TControlCanvas.SetControl
 0001:0004288C       Controls.TControlCanvas.UpdateTextFlags
 0001:0004EB34       Controls.TCustomControl.Create
 0001:0004EB90       Controls.TCustomControl.Destroy
 0001:0004EC8C       Controls.TCustomControl.Paint
 0001:0004EBE0       Controls.TCustomControl.PaintWindow
 0001:0004EBC0       Controls.TCustomControl.WMPaint
 0001:00052E74       Controls.TCustomHint.Create
 0001:00052EC4       Controls.TCustomHint.Destroy
 0001:00052F10       Controls.TCustomHint.HideHint
 0001:00052F1C       Controls.TCustomHint.HideHint
 0001:00052F24       Controls.TCustomHint.NCPaintHint
 0001:00052F28       Controls.TCustomHint.Notification
 0001:00052F54       Controls.TCustomHint.PaintHint
 0001:00052D34       Controls.TCustomHint.SetHintSize
 0001:00052E5C       Controls.TCustomHint.SetImages
 0001:00053194       Controls.TCustomHint.ShowAnotherHint
 0001:000532B8       Controls.TCustomHint.ShowHint
 0001:0005319C       Controls.TCustomHint.ShowHint
 0001:00053350       Controls.TCustomHint.ShowHint
 0001:0005338C       Controls.TCustomHintShowHideThread.Create
 0001:00053410       Controls.TCustomHintShowHideThread.Destroy
 0001:000535D8       Controls.TCustomHintShowHideThread.Execute
 0001:00053A24       Controls.TCustomHintShowHideThread.QueHintWindow
 0001:00053A30       Controls.TCustomHintShowHideThread.ResumeWork
 0001:00052AC8       Controls.TCustomHintWindow.AutoSize
 0001:00052AD8       Controls.TCustomHintWindow.CMTextChanged
 0001:00052AE0       Controls.TCustomHintWindow.Create
 0001:00052B64       Controls.TCustomHintWindow.CreateParams
 0001:00052B80       Controls.TCustomHintWindow.CreateWnd
 0001:00052BD8       Controls.TCustomHintWindow.NCPaint
 0001:00052BF0       Controls.TCustomHintWindow.Paint
 0001:00052C00       Controls.TCustomHintWindow.PositionAt
 0001:00052CA4       Controls.TCustomHintWindow.WMNCHitTest
 0001:00052CAC       Controls.TCustomHintWindow.WMNCPaint
 0001:00052D10       Controls.TCustomHintWindow.WMPrint
 0001:00051948       Controls.TDockTree.ActualSize
 0001:0004F538       Controls.TDockTree.AdjustDockRect
 0001:000519DC       Controls.TDockTree.AdjustFrameRect
 0001:0004F550       Controls.TDockTree.BeginUpdate
 0001:00051628       Controls.TDockTree.ControlVisibilityChanged
 0001:0004F378       Controls.TDockTree.Create
 0001:0004F4E0       Controls.TDockTree.Destroy
 0001:00051228       Controls.TDockTree.DrawSizeSplitter
 0001:0004F554       Controls.TDockTree.EndUpdate
 0001:0004FC08       Controls.TDockTree.FindControlAtPos
 0001:0004F5C0       Controls.TDockTree.FindControlZone
 0001:0004F628       Controls.TDockTree.ForEachAt
 0001:0004F640       Controls.TDockTree.GetControlBounds
 0001:000513A4       Controls.TDockTree.GetNextLimit
 0001:0004F6B8       Controls.TDockTree.HitTest
 0001:0004F6C8       Controls.TDockTree.InsertControl
 0001:0004F8E4       Controls.TDockTree.InsertNewParent
 0001:0004FA8C       Controls.TDockTree.InsertSibling
 0001:0004FDA4       Controls.TDockTree.InternalHitTest
 0001:0004FEE0       Controls.TDockTree.LoadFromStream
 0001:00051A1C       Controls.TDockTree.MouseDown
 0001:00051BD8       Controls.TDockTree.MouseMove
 0001:00051C28       Controls.TDockTree.MouseUp
 0001:000503AC       Controls.TDockTree.PaintDockFrame
 0001:00050500       Controls.TDockTree.PaintSite
 0001:00050634       Controls.TDockTree.PositionDockRect
 0001:000507E4       Controls.TDockTree.PruneZone
 0001:000519B0       Controls.TDockTree.ReferenceFromOrient
 0001:00051978       Controls.TDockTree.RelativeSize
 0001:00050840       Controls.TDockTree.RemoveControl
 0001:00050880       Controls.TDockTree.RemoveZone
 0001:00050B20       Controls.TDockTree.ResetBounds
 0001:00050E0C       Controls.TDockTree.SaveToStream
 0001:00050C04       Controls.TDockTree.ScaleZone
 0001:00051084       Controls.TDockTree.SetNewBounds
 0001:000510B4       Controls.TDockTree.SetReplacingControl
 0001:000510CC       Controls.TDockTree.ShiftZone
 0001:00051C9C       Controls.TDockTree.ShowHint
 0001:00051100       Controls.TDockTree.SplitterMouseDown
 0001:00051160       Controls.TDockTree.SplitterMouseUp
 0001:000511DC       Controls.TDockTree.UpdateAll
 0001:00051204       Controls.TDockTree.UpdateZone
 0001:00051214       Controls.TDockTree.WindowProc
 0001:000516B0       Controls.TDockTree.WndProc
 0001:0004FB04       Controls.TDockTree.ZoneCaptionHitTest
 0001:0004ECD0       Controls.TDockZone.Create
 0001:0004F2A4       Controls.TDockZone.ExpandZoneLimit
 0001:0004F36C       Controls.TDockZone.FirstVisibleChild
 0001:0004ED0C       Controls.TDockZone.GetChildCount
 0001:0004EFF0       Controls.TDockZone.GetControlName
 0001:0004EE90       Controls.TDockZone.GetHeightWidth
 0001:0004ED7C       Controls.TDockZone.GetLimitBegin
 0001:0004EDC4       Controls.TDockZone.GetLimitSize
 0001:0004EE0C       Controls.TDockZone.GetTopLeft
 0001:0004ED44       Controls.TDockZone.GetVisible
 0001:0004ED20       Controls.TDockZone.GetVisibleChildCount
 0001:0004F268       Controls.TDockZone.GetZoneLimit
 0001:0004F344       Controls.TDockZone.NextVisible
 0001:0004F350       Controls.TDockZone.PrevVisible
 0001:0004EF48       Controls.TDockZone.ResetChildren
 0001:0004F2E4       Controls.TDockZone.ResetZoneLimits
 0001:0004F038       Controls.TDockZone.SetControlName
 0001:0004F290       Controls.TDockZone.SetZoneLimit
 0001:0004F0EC       Controls.TDockZone.Update
 0001:000412E8       Controls.TDragControlObject.GetDragCursor
 0001:00041300       Controls.TDragControlObject.GetDragImages
 0001:0004130C       Controls.TDragControlObject.HideDragImage
 0001:0004132C       Controls.TDragControlObject.ShowDragImage
 0001:0004134C       Controls.TDragControlObjectEx.BeforeDestruction
 0001:00041488       Controls.TDragDockObject.AdjustDockRect
 0001:000413E8       Controls.TDragDockObject.Assign
 0001:00041350       Controls.TDragDockObject.Create
 0001:000413B8       Controls.TDragDockObject.Destroy
 0001:00041504       Controls.TDragDockObject.DrawDragDockImage
 0001:00041448       Controls.TDragDockObject.EndDrag
 0001:00041518       Controls.TDragDockObject.EraseDragDockImage
 0001:0004152C       Controls.TDragDockObject.GetDragCursor
 0001:00041538       Controls.TDragDockObject.GetEraseWhenMoving
 0001:0004153C       Controls.TDragDockObject.GetFrameWidth
 0001:00041544       Controls.TDragDockObjectEx.BeforeDestruction
 0001:0004E96C       Controls.TDragImageList.BeginDrag
 0001:0004E9E4       Controls.TDragImageList.DragLock
 0001:0004EA6C       Controls.TDragImageList.DragMove
 0001:0004EA48       Controls.TDragImageList.DragUnlock
 0001:0004EAE0       Controls.TDragImageList.EndDrag
 0001:0004E940       Controls.TDragImageList.GetHotSpot
 0001:0004EAC8       Controls.TDragImageList.HideDragImage
 0001:0004E8B8       Controls.TDragImageList.Initialize
 0001:0004E91C       Controls.TDragImageList.SetDragCursor
 0001:0004E8D0       Controls.TDragImageList.SetDragImage
 0001:0004EAB0       Controls.TDragImageList.ShowDragImage
 0001:00041218       Controls.TDragObject.AfterConstruction
 0001:00040FD8       Controls.TDragObject.Assign
 0001:00041208       Controls.TDragObject.BeforeDestruction
 0001:00041018       Controls.TDragObject.Capture
 0001:00041030       Controls.TDragObject.Finished
 0001:00041194       Controls.TDragObject.GetDragCursor
 0001:00041190       Controls.TDragObject.GetDragImages
 0001:00041038       Controls.TDragObject.GetName
 0001:000411AC       Controls.TDragObject.HideDragImage
 0001:000411B0       Controls.TDragObject.Instance
 0001:000411BC       Controls.TDragObject.MainWndProc
 0001:0004104C       Controls.TDragObject.ReleaseCapture
 0001:000411B8       Controls.TDragObject.ShowDragImage
 0001:00041060       Controls.TDragObject.WndProc
 0001:0004DFDC       Controls.TGraphicControl.Create
 0001:0004E038       Controls.TGraphicControl.Destroy
 0001:0004E12C       Controls.TGraphicControl.Paint
 0001:0004E078       Controls.TGraphicControl.WMPaint
 0001:0004E498       Controls.THintWindow.ActivateHint
 0001:0004E760       Controls.THintWindow.ActivateHintData
 0001:0004E788       Controls.THintWindow.CalcHintRect
 0001:0004E400       Controls.THintWindow.CMTextChanged
 0001:0004E130       Controls.THintWindow.Create
 0001:0004E198       Controls.THintWindow.CreateParams
 0001:0004E38C       Controls.THintWindow.IsHintMsg
 0001:0004E7E8       Controls.THintWindow.NCPaint
 0001:0004E268       Controls.THintWindow.Paint
 0001:0004E3F0       Controls.THintWindow.ReleaseHandle
 0001:0004E874       Controls.THintWindow.ShouldHideHint
 0001:0004E1FC       Controls.THintWindow.WMNCHitTest
 0001:0004E204       Controls.THintWindow.WMNCPaint
 0001:0004E850       Controls.THintWindow.WMPrint
 0001:00052740       Controls.TMargins.AssignTo
 0001:00052788       Controls.TMargins.Change
 0001:000526FC       Controls.TMargins.Create
 0001:00052900       Controls.TMargins.GetControlBound
 0001:0005279C       Controls.TMargins.InitDefaults
 0001:00052814       Controls.TMargins.SetControlBounds
 0001:000527BC       Controls.TMargins.SetMargin
 0001:00051D90       Controls.TMouse.Create
 0001:00051E20       Controls.TMouse.CreatePanningWindow
 0001:00051E4C       Controls.TMouse.Destroy
 0001:00051E7C       Controls.TMouse.GetCapture
 0001:00051E84       Controls.TMouse.GetCursorPos
 0001:00051EA0       Controls.TMouse.GetIsDragging
 0001:00051EAC       Controls.TMouse.GetIsPanning
 0001:00051ED0       Controls.TMouse.GetMouseData
 0001:00051EEC       Controls.TMouse.GetNativeData
 0001:00051F1C       Controls.TMouse.GetRegisteredData
 0001:00051F44       Controls.TMouse.SetCapture
 0001:00051F6C       Controls.TMouse.SetPanningWindow
 0001:00051F94       Controls.TMouse.SettingChanged
 0001:00052AC4       Controls.TPadding.InitDefaults
 0001:0004B8A8       Controls.TraverseControls
 0003:00001808       Controls.TreeStreamEndFlag
 0001:00040EBC       Controls.TSiteList.AddSite
 0001:00040F40       Controls.TSiteList.Clear
 0001:00040E58       Controls.TSiteList.Find
 0001:00040F74       Controls.TSiteList.GetTopSite
 0001:000428F4       Controls.TSizeConstraints.AssignTo
 0001:000429C8       Controls.TSizeConstraints.Change
 0001:000428B8       Controls.TSizeConstraints.Create
 0001:0004293C       Controls.TSizeConstraints.SetConstraints
 0001:0004D604       Controls.TWinControl.ActionChange
 0001:0004876C       Controls.TWinControl.AddBiDiModeExStyle
 0001:000473BC       Controls.TWinControl.AdjustClientRect
 0001:0004CAFC       Controls.TWinControl.AdjustSize
 0001:000480B8       Controls.TWinControl.AlignControl
 0001:00047EF8       Controls.TWinControl.AlignControls
 0001:000473EC       Controls.TWinControl.ArrangeControl
 0001:0004D64C       Controls.TWinControl.AssignTo
 0001:00048668       Controls.TWinControl.Broadcast
 0001:0004D13C       Controls.TWinControl.CalcConstraints
 0001:0004D67C       Controls.TWinControl.CanAutoSize
 0001:0004C8B8       Controls.TWinControl.CanFocus
 0001:0004D070       Controls.TWinControl.CanResize
 0001:0004C470       Controls.TWinControl.ChangeScale
 0001:0004BBD8       Controls.TWinControl.CMBiDiModeChanged
 0001:0004BE68       Controls.TWinControl.CMBorderChanged
 0001:0004BCE4       Controls.TWinControl.CMChanged
 0001:0004BCF8       Controls.TWinControl.CMChildKey
 0001:0004BDC4       Controls.TWinControl.CMColorChanged
 0001:0004BFD4       Controls.TWinControl.CMControlListChange
 0001:0004BFE8       Controls.TWinControl.CMControlListChanging
 0001:0004BEA8       Controls.TWinControl.CMCtl3DChanged
 0001:0004BE28       Controls.TWinControl.CMCursorChanged
 0001:0004BCC4       Controls.TWinControl.CMDesignHitTest
 0001:0004BD14       Controls.TWinControl.CMDialogChar
 0001:0004BD0C       Controls.TWinControl.CMDialogKey
 0001:0004B440       Controls.TWinControl.CMDockClient
 0001:0004BC10       Controls.TWinControl.CMDoubleBufferedChanged
 0001:0004BF74       Controls.TWinControl.CMDrag
 0001:0004BD7C       Controls.TWinControl.CMEnabledChanged
 0001:0004BC34       Controls.TWinControl.CMEnter
 0001:0004BCB8       Controls.TWinControl.CMExit
 0001:0004B558       Controls.TWinControl.CMFloat
 0001:0004BD1C       Controls.TWinControl.CMFocusChanged
 0001:0004BF64       Controls.TWinControl.CMFontChange
 0001:0004BDEC       Controls.TWinControl.CMFontChanged
 0001:0004C7B4       Controls.TWinControl.CMInvalidate
 0001:0004BEE8       Controls.TWinControl.CMParentCtl3DChanged
 0001:0004BF28       Controls.TWinControl.CMParentDoubleBufferedChanged
 0001:00048FF0       Controls.TWinControl.CMRecreateWnd
[...]
 0003:0000150C       ExtCtrls.Alignments
 0003:00001518       ExtCtrls.VerticalAlignments
 0003:00001524       ComCtrls.RTFConversionFormat
 0003:0000152C       ComCtrls.TextConversionFormat
 0003:00001534       Dialogs.CreationControl
 0003:00001538       Dialogs.WndProcPtrAtom
 0003:0000153C       Dialogs.Captions
 0003:00001550       Dialogs.ButtonCaptions
 0003:00001580       Dialogs.ButtonNames
 0003:000015B0       Menus.ValidMenuHotkeys
 0003:000015B4       Menus.cMenuAutoFlagToItem
 0003:000015B8       Menus.cItemAutoFlagToMenu
 0003:000015BC       Menus.cBooleanToItemAutoFlag
 0003:000015C0       Menus.cItemAutoFlagToBoolean
 0003:000015C4       Menus.MenuKeyCaps
 0003:0000160C       Menus.Checks
 0003:00001614       Menus.Enables
 0003:0000161C       Menus.Breaks
 0003:00001628       Menus.Separators
 0003:00001630       Menus.IBreaks
 0003:0000163C       Menus.IChecks
 0003:00001644       Menus.IDefaults
 0003:0000164C       Menus.IEnables
 0003:00001654       Menus.IRadios
 0003:0000165C       Menus.ISeparators
 0003:00001664       Menus.IRTL
 0003:0000166C       Menus.IOwnerDraw
 0003:00001674       Menus.MenuStates
 0003:0000167C       Menus.Alignments
 0003:00001684       Menus.EdgeStyle
 0003:0000168C       Menus.ItemStates
 0003:00001694       Menus.TopLevelItemStates
 0003:0000169C       Menus.CheckMarkBkgs
 0003:000016A4       Menus.CheckMarkStates
 0003:000016B4       Menus.Alignments
 0003:000016BC       Menus.CheckMarkStates
 0003:000016CC       Menus.CurrentKeyboardLayout
 0003:000016D0       Menus.IsAltGRKeyLayout
 0003:000016D4       Menus.Flags
 0003:000016E0       Menus.Buttons
 0003:000016E4       Controls.AnimateWindowProc
 0003:000016E8       Controls.DefaultDockTreeClass
 0003:000016EC       Controls.CreationControl
 0003:000016F0       Controls.AnchorAlign
 0003:000016F8       Controls.Cursors
 0003:000017A8       Controls.CaptureControl
 0003:000017AC       Controls.ShowFlags
 0003:000017B0       Controls.WindowPos
 0003:000017B4       Controls.InnerStyles
 0003:000017C4       Controls.OuterStyles
 0003:000017D4       Controls.EdgeStyles
 0003:000017E4       Controls.Ctl3DStyles
 0003:000017EC       Controls.AnimationStyle
 0003:000017F8       Controls.OrientArray
 0003:00001800       Controls.MakeLast
 0003:00001808       Controls.TreeStreamEndFlag
 0003:0000180C       Controls.SizeCursors
 0003:00001814       Controls.IMM32DLL
 0003:00001818       Controls.ModeMap
 0003:00001820       Themes.ThemeServicesClass
 0003:00001824       Themes.Copyright
 0003:00001828       Themes.ThemeDataNames
 0003:00001888       ImgList.DrawingStyles
 0003:00001898       ImgList.Images
 0003:000018A0       ImgList.ColorDepthToILConst
 0003:000018BC       ImgList.Mask
 0003:000018C4       Forms.HintWindowClass
 0003:000018C8       Forms.SetLayeredWindowAttributes
 0003:000018CC       Forms.FocusMessages
 0003:000018D0       Forms.FocusCount
 0003:000018D4       Forms.TaskActiveWindow
 0003:000018D8       Forms.TaskFirstWindow
 0003:000018DC       Forms.TaskFirstTopMost
 0003:000018E0       Forms.DisablingWindows
 0003:000018E4       Forms.TaskWindowList
 0003:000018E8       Forms.SysConsts
 0003:000018F0       Forms.SysConsts
 0003:000018F8       Forms.Props
 0003:00001920       Forms.Styles
 0003:0000192C       Forms.HWND_STYLE
 0003:00001934       Forms.ShowCommands
 0003:00001940       Forms.ShowCommands
 0003:0000194C       Forms.ShowCommands
 0003:00001958       Forms.cUseAlpha
 0003:00001960       Forms.cUseColorKey
 0003:00001968       Forms.CursorMap
 0003:000019BC       Forms.HintTimerDelegate
 0003:000019C0       Forms.HintThreadDelegate
 0003:000019C4       Forms.HintHookDelegate
 0003:000019C8       Forms.MonitorDefaultFlags
 0003:000019D4       Forms.WindowClass
 0003:000019FC       Forms.AppVisible
 0003:00001A00       Forms.ShowFlags
 0003:00001A04       AppEvnts.MultiCaster
 0004:00000000       System.DispCallByIDProc
 0004:00000004       System.ExceptProc
 0004:00000008       System.ErrorProc
 0004:0000000C       System.ExceptClsProc
 0004:00000010       System.ExceptObjProc
 0004:00000014       System.RaiseExceptionProc
 0004:00000018       System.RTLUnwindProc
 0004:0000001C       System.RaiseExceptObjProc
 0004:00000020       System.ExceptionAcquired
 0004:00000024       System.ExceptionClass
 0004:00000028       System.AssertErrorProc
 0004:0000002C       System.ExitProcessProc
 0004:00000030       System.AbstractErrorProc
 0004:00000034       System.MainInstance
 0004:00000038       System.MainThreadID
 0004:0000003C       System.IsLibrary
 0004:00000040       System.CmdShow
 0004:00000044       System.CmdLine
 0004:00000048       System.InitProc
 0004:0000004C       System.ExitProc
 0004:00000050       System.IsConsole
 0004:00000051       System.IsMultiThread
 0004:00000052       System.Test8086
 0004:00000054       System.CPUCount
 0004:00000058       System.Input
 0004:00000328       System.Output
 0004:000005F8       System.ErrOutput
 0004:000008C8       System.MonitorSupport
 0004:000008CC       System.DefaultSystemCodePage
 0004:000008D0       System.DefaultUnicodeCodePage
 0004:000008D4       System.UTF8CompareLocale
 0004:000008D8       System.ReportMemoryLeaksOnShutdown
 0004:000008D9       System.NeverSleepOnMMThreadContention
 0004:000008DC       System..6
 0004:000008E0       System.AllocSize2SmallBlockTypeIndX4
 0004:00000A26       System.MinimumBlockAlignment
 0004:00000A28       System.MediumBlockPoolsCircularList
 0004:00000A38       System.MediumBlocksLocked
 0004:00000A3C       System.LastSequentiallyFedMediumBlock
 0004:00000A40       System.MediumSequentialFeedBytesLeft
 0004:00000A44       System.MediumBlockBinGroupBitmap
 0004:00000A48       System.MediumBlockBinBitmaps
 0004:00000AC8       System.MediumBlockBins
 0004:00002AC8       System.LargeBlocksLocked
 0004:00002ACC       System.LargeBlocksCircularList
 0004:00002ADC       System.ExpectedMemoryLeaks
 0004:00002AE0       System.ExpectedMemoryLeaksListLocked
 0004:00002AE4       System.MappingObjectHandle
 0004:00002AE8       System.InitContext
 0004:00002B18       System.DLLThreadContext
 0004:00002B48       SysInit.ModuleIsLib
 0004:00002B49       SysInit.ModuleIsCpp
 0004:00002B4C       SysInit.HInstance
 0004:00002B50       SysInit.tlsBuffer
 0004:00002B54       Windows..2
 0004:00002B58       Windows.HtmlHelpModule
 0004:00002B5C       WinMemMgr..1
 0004:00002B60       CorrectLocale..1
 0004:00002B64       Character.DataTable
 0004:00002B68       Character.CatIndexPrimary
 0004:00002B6C       Character.CatIndexSecondary
 0004:00002B70       Character.CategoryTable
 0004:00002B74       Character.NumIndexPrimary
 0004:00002B78       Character.NumIndexSecondary
 0004:00002B7C       Character.NumericValueTable
 0004:00002B80       SysUtils.Exception.GetExceptionStackInfoProc
 0004:00002B84       SysUtils.Exception.CleanUpStackInfoProc
 0004:00002B88       SysUtils.CurrencyString
 0004:00002B8C       SysUtils.CurrencyFormat
 0004:00002B8D       SysUtils.NegCurrFormat
 0004:00002B8E       SysUtils.ThousandSeparator
 0004:00002B90       SysUtils.DecimalSeparator
 0004:00002B92       SysUtils.CurrencyDecimals
 0004:00002B94       SysUtils.DateSeparator
 0004:00002B98       SysUtils.ShortDateFormat
 0004:00002B9C       SysUtils.LongDateFormat
 0004:00002BA0       SysUtils.TimeSeparator
 0004:00002BA4       SysUtils.TimeAMString
 0004:00002BA8       SysUtils.TimePMString
 0004:00002BAC       SysUtils.ShortTimeFormat
 0004:00002BB0       SysUtils.LongTimeFormat
 0004:00002BB4       SysUtils.ShortMonthNames
 0004:00002BE4       SysUtils.LongMonthNames
 0004:00002C14       SysUtils.ShortDayNames
 0004:00002C30       SysUtils.LongDayNames
 0004:00002C4C       SysUtils.SysLocale
 0004:00002C5A       SysUtils.ListSeparator
 0004:00002C5C       SysUtils.EraNames
 0004:00002C78       SysUtils.EraYearOffsets
 0004:00002C94       SysUtils.TrueBoolStrs
 0004:00002C98       SysUtils.FalseBoolStrs
 0004:00002C9C       SysUtils.TEncoding.FASCIIEncoding
 0004:00002CA0       SysUtils.TEncoding.FBigEndianUnicodeEncoding
 0004:00002CA4       SysUtils.TEncoding.FDefaultEncoding
 0004:00002CA8       SysUtils.TEncoding.FUnicodeEncoding
 0004:00002CAC       SysUtils.TEncoding.FUTF7Encoding
 0004:00002CB0       SysUtils.TEncoding.FUTF8Encoding
 0004:00002CB4       SysUtils..36
 0004:00002CB8       SysUtils.OutOfMemory
 0004:00002CBC       SysUtils.InvalidPointer
 0004:00002CC0       SysUtils.SyncEventCache
 0004:00002DC0       SysUtils.EventCache
 0004:00002DC4       SysUtils.EventItemHolders
 0004:00002DC8       SysUtils.ValidatedUnitHashBuckets
 0004:00003DBC       SysUtils.UnitHashBuckets
 0004:00004DB0       SysUtils.FLanguages
 0004:00004DB4       VarUtils.VariantChangeTypeEx
 0004:00004DB8       VarUtils.VarNeg
 0004:00004DBC       VarUtils.VarNot
 0004:00004DC0       VarUtils.VarAdd
 0004:00004DC4       VarUtils.VarSub
 0004:00004DC8       VarUtils.VarMul
 0004:00004DCC       VarUtils.VarDiv
 0004:00004DD0       VarUtils.VarIDiv
 0004:00004DD4       VarUtils.VarMod
 0004:00004DD8       VarUtils.VarAnd
 0004:00004DDC       VarUtils.VarOr
 0004:00004DE0       VarUtils.VarXor
 0004:00004DE4       VarUtils.VarCmp
 0004:00004DE8       VarUtils.VarI4FromStr
 0004:00004DEC       VarUtils.VarR4FromStr
 0004:00004DF0       VarUtils.VarR8FromStr
 0004:00004DF4       VarUtils.VarDateFromStr
 0004:00004DF8       VarUtils.VarCyFromStr
 0004:00004DFC       VarUtils.VarBoolFromStr
 0004:00004E00       VarUtils.VarBstrFromCy
 0004:00004E04       VarUtils.VarBstrFromDate
 0004:00004E08       VarUtils.VarBstrFromBool
 0004:00004E0C       VarUtils..5
 0004:00004E10       Variants.EmptyParam
 0004:00004E20       Variants.VarDispProc
 0004:00004E24       Variants.ClearAnyProc
 0004:00004E28       Variants.ChangeAnyProc
 0004:00004E2C       Variants.RefAnyProc
 0004:00004E30       Variants..81
 0004:00004E34       Variants.LVarTypes
 0004:00004E38       Variants.LVarTypeSync
 0004:00004E50       TypInfo..5
 0004:00004E54       Classes.GlobalNameSpace
 0004:00004E58       Classes.IsUniqueGlobalComponentNameProc
 0004:00004E5C       Classes.SyncEvent
 0004:00004E60       Classes..66
 0004:00004E64       Classes.IntConstList
 0004:00004E68       Classes.RegGroups
 0004:00004E6C       Classes.FindGlobalComponentProcs
 0004:00004E70       Classes.GlobalFixupList
 0004:00004E74       Classes.ThreadLock
 0004:00004E8C       Classes.ThreadCount
 0004:00004E90       Classes.ExternalThreads
 0004:00004E94       Classes.InstBlockList
 0004:00004E98       Classes.InstFreeList
 0004:00004E9C       HelpIntfs..2
 0004:00004EA0       HelpIntfs.HelpManager
 0004:00004EA4       MultiMon.GetSystemMetrics
 0004:00004EA8       MultiMon.MonitorFromWindow
 0004:00004EAC       MultiMon.MonitorFromRect
 0004:00004EB0       MultiMon.MonitorFromPoint
 0004:00004EB4       MultiMon.GetMonitorInfo
 0004:00004EB8       MultiMon.GetMonitorInfoA
 0004:00004EBC       MultiMon.GetMonitorInfoW
 0004:00004EC0       MultiMon.EnumDisplayMonitors
 0004:00004EC4       MultiMon..1
 0004:00004EC8       MultiMon.User32Dll
 0004:00004ECC       MultiMon.InitApis
 0004:00004ED4       MultiMon.MMAvailable
 0004:00004ED8       IniFiles..7
 0004:00004EDC       Registry..5
 0004:00004EE0       Graphics.SystemPalette16
 0004:00004EE4       Graphics..12
 0004:00004EE8       Graphics.ScreenLogPixels
 0004:00004EEC       Graphics.StockPen
 0004:00004EF0       Graphics.StockBrush
 0004:00004EF4       Graphics.StockFont
 0004:00004EF8       Graphics.StockIcon
 0004:00004EFC       Graphics.BitmapImageLock
 0004:00004F14       Graphics.CounterLock
 0004:00004F2C       Graphics.FontManager
 0004:00004F30       Graphics.PenManager
 0004:00004F34       Graphics.BrushManager
 0004:00004F38       Graphics.CanvasList
 0004:00004F3C       Graphics.PatternManager
 0004:00004F40       SyncObjs..01
 0004:00004F44       SyncObjs.CoWaitForMultipleHandlesProc
 0004:00004F48       SyncObjs.InitializeConditionVariableProc
 0004:00004F4C       SyncObjs.SleepConditionVariableCSProc
 0004:00004F50       SyncObjs.WakeConditionVariableProc
 0004:00004F54       SyncObjs.WakeAllConditionVariableProc
 0004:00004F58       UxTheme.OpenThemeData
 0004:00004F5C       UxTheme.CloseThemeData
 0004:00004F60       UxTheme.DrawThemeBackground
 0004:00004F64       UxTheme.DrawThemeText
 0004:00004F68       UxTheme.GetThemeBackgroundContentRect
 0004:00004F6C       UxTheme.GetThemeBackgroundExtent
 0004:00004F70       UxTheme.GetThemePartSize
 0004:00004F74       UxTheme.GetThemeTextExtent
 0004:00004F78       UxTheme.GetThemeTextMetrics
 0004:00004F7C       UxTheme.GetThemeBackgroundRegion
 0004:00004F80       UxTheme.HitTestThemeBackground
 0004:00004F84       UxTheme.DrawThemeEdge
 0004:00004F88       UxTheme.DrawThemeIcon
 0004:00004F8C       UxTheme.IsThemePartDefined
 0004:00004F90       UxTheme.IsThemeBackgroundPartiallyTransparent
 0004:00004F94       UxTheme.GetThemeColor
 0004:00004F98       UxTheme.GetThemeMetric
 0004:00004F9C       UxTheme.GetThemeString
 0004:00004FA0       UxTheme.GetThemeBool
 0004:00004FA4       UxTheme.GetThemeInt
 0004:00004FA8       UxTheme.GetThemeEnumValue
 0004:00004FAC       UxTheme.GetThemePosition
 0004:00004FB0       UxTheme.GetThemeFont
 0004:00004FB4       UxTheme.GetThemeRect
 0004:00004FB8       UxTheme.GetThemeMargins
 0004:00004FBC       UxTheme.GetThemeIntList
 0004:00004FC0       UxTheme.GetThemePropertyOrigin
 0004:00004FC4       UxTheme.SetWindowTheme
 0004:00004FC8       UxTheme.GetThemeFilename
 0004:00004FCC       UxTheme.GetThemeSysColor
 0004:00004FD0       UxTheme.GetThemeSysColorBrush
 0004:00004FD4       UxTheme.GetThemeSysBool
 0004:00004FD8       UxTheme.GetThemeSysSize
 0004:00004FDC       UxTheme.GetThemeSysFont
 0004:00004FE0       UxTheme.GetThemeSysString
 0004:00004FE4       UxTheme.GetThemeSysInt
 0004:00004FE8       UxTheme.IsThemeActive
 0004:00004FEC       UxTheme.IsAppThemed
 0004:00004FF0       UxTheme.GetWindowTheme
 0004:00004FF4       UxTheme.EnableThemeDialogTexture
 0004:00004FF8       UxTheme.IsThemeDialogTextureEnabled
 0004:00004FFC       UxTheme.GetThemeAppProperties
 0004:00005000       UxTheme.SetThemeAppProperties
 0004:00005004       UxTheme.GetCurrentThemeName
 0004:00005008       UxTheme.GetThemeDocumentationProperty
 0004:0000500C       UxTheme.DrawThemeParentBackground
 0004:00005010       UxTheme.EnableTheming
 0004:00005014       UxTheme..1
 0004:00005018       UxTheme.ThemeLibrary
 0004:0000501C       UxTheme.ReferenceCount
 0004:00005020       UxTheme.Lock
 0004:00005024       UxTheme._DrawThemeTextEx
 0004:00005028       UxTheme._BeginBufferedPaint
 0004:0000502C       UxTheme._EndBufferedPaint
 0004:00005030       UxTheme._BufferedPaintSetAlpha
 0004:00005034       DwmApi..1
 0004:00005038       DwmApi.hDWMAPI
 0004:0000503C       DwmApi._DwmExtendFrameIntoClientArea
 0004:00005040       DwmApi._DwmIsCompositionEnabled
 0004:00005044       GraphUtil..2
 0004:00005048       GraphUtil.MsImgHandle
 0004:0000504C       GraphUtil.MsImgInitialized
 0004:00005050       GraphUtil.GradientFillFunc
 0004:00005054       Printers..3
 0004:00005058       Clipbrd.CF_PICTURE
 0004:0000505A       Clipbrd.CF_COMPONENT
 0004:0000505C       Clipbrd..3
 0004:00005060       Clipbrd.FClipboard
 0004:00005064       ExtCtrls.TCustomTrayIcon.RM_TaskbarCreated
 0004:00005068       ExtCtrls..94
 0004:0000506C       ComCtrls..96
 0004:00005070       ComCtrls.ConversionFormatList
 0004:00005074       ComCtrls.ShellModule
 0004:00005078       ComCtrls.FRichEditModule
 0004:0000507C       Dialogs..03
 0004:00005080       Dialogs.HelpMsg
 0004:00005084       Dialogs.FindMsg
 0004:00005088       FlatSB.FlatSB_EnableScrollBar
 0004:0000508C       FlatSB.FlatSB_ShowScrollBar
 0004:00005090       FlatSB.FlatSB_GetScrollRange
 0004:00005094       FlatSB.FlatSB_GetScrollInfo
 0004:00005098       FlatSB.FlatSB_GetScrollPos
 0004:0000509C       FlatSB.FlatSB_SetScrollPos
 0004:000050A0       FlatSB.FlatSB_SetScrollInfo
 0004:000050A4       FlatSB.FlatSB_SetScrollRange
 0004:000050A8       FlatSB..1
 0004:000050AC       FlatSB._FlatSB_GetScrollProp
 0004:000050B0       FlatSB._FlatSB_SetScrollProp
 0004:000050B4       FlatSB._InitializeFlatSB
 0004:000050B8       FlatSB._UninitializeFlatSB
 0004:000050BC       Menus.PopupList
 0004:000050C0       Menus.ShortCutItems
 0004:000050C4       Menus..01
 0004:000050C8       Menus.CommandPool
 0004:000050CC       Controls.Mouse
 0004:000050D0       Controls.IsVCLControlHook
 0004:000050D8       Controls.NewStyleControls
 0004:000050DC       Controls..73
 0004:000050E0       Controls.WindowAtom
 0004:000050E2       Controls.ControlAtom
 0004:000050E4       Controls.WindowAtomString
 0004:000050E8       Controls.ControlAtomString
 0004:000050EC       Controls.RM_GetObjectInstance
 0004:000050F0       Controls.DragControl
 0004:000050F4       Controls.DragObject
 0004:000050F8       Controls.DragInternalObject
 0004:000050FC       Controls.DragCapture
 0004:00005100       Controls.DragStartPos
 0004:00005108       Controls.DragSaveCursor
 0004:0000510C       Controls.DragThreshold
 0004:00005110       Controls.ActiveDrag
 0004:00005114       Controls.DragImageList
 0004:00005118       Controls.DockSiteList
 0004:0000511C       Controls.QualifyingSites
 0004:00005120       Controls.DragSave
 0004:00005124       Controls.CanvasList
 0004:00005128       Controls.FlagControl
 0004:0000512C       Controls._WINNLSEnableIME
 0004:00005130       Controls._ImmGetContext
 0004:00005134       Controls._ImmReleaseContext
 0004:00005138       Controls._ImmGetConversionStatus
 0004:0000513C       Controls._ImmSetConversionStatus
 0004:00005140       Controls._ImmSetOpenStatus
 0004:00005144       Controls._ImmSetCompositionWindow
 0004:00005148       Controls._ImmSetCompositionFont
 0004:0000514C       Controls._ImmGetCompositionString
 0004:00005150       Controls._ImmIsIME
 0004:00005154       Controls._ImmNotifyIME
 0004:00005158       Themes..2
 0004:0000515C       Themes.InternalServices
 0004:00005160       Themes.RM_UnthemedDesigner
 0004:00005164       ImgList.CachedComCtrlVer
 0004:00005168       ImgList.ImageListWriteExProc
 0004:0000516C       ActnList..9
 0004:00005170       Forms.Application
 0004:00005174       Forms.Screen
 0004:00005178       Forms..51
 0004:0000517C       Forms.RM_TaskbarCreated
 0004:00005180       Forms.HintThreadID
 0004:00005184       Forms.HintDoneEvent
 0004:00005188       Forms.HintHook
 0004:0000518C       Forms.HintThread
 0004:00005190       Forms.IdleTimerHandle
 0004:00005194       Forms.IdleTimerDelegate
 0004:00005198       StdLib.FormatSettings
 0004:00005260       StdLib.DateOrder
 0004:00005264       StdLib..3
 0004:00005268       Tasks.TThreadPool.FDefaultPool
 0004:0000526C       Tasks.TGuiThread.FHook
 0004:00005270       Tasks.TGuiThread.FQueue
 0004:00005278       Tasks.TGuiThread.FQueueLock
 0004:0000527C       Tasks..4
 0004:00005280       AppEvnts..3
 0004:00005284       StopWatch.TStopWatch.FCountsPerSecond
 0004:0000528C       MainForm.fMainForm
 0005:00000000       System.RaiseListPtr
 0005:00000004       System.InOutRes
 0005:00000008       Classes.GlobalLoaded
 0005:0000000C       Classes.GlobalLists
 0005:00000010       Classes.InternalCurrentThread
 0005:00000014       SyncObjs.OleThreadWnd
 0005:00000018       GraphUtil.CachedHighlightLum
 0005:0000001C       GraphUtil.CachedHighlightColor
 0005:00000020       GraphUtil.CachedHighlight
 0005:00000024       GraphUtil.CachedShadowLum
 0005:00000028       GraphUtil.CachedShadowColor
 0005:0000002C       GraphUtil.CachedShadow
 0005:00000030       GraphUtil.CachedColorValue
 0005:00000034       GraphUtil.CachedLumValue
 0005:00000038       GraphUtil.CachedColorAdjustLuma
 0005:0000003C       SysInit.TlsLast


Bound resource files

c:\program files (x86)\codegear\rad studio\6.0\lib\Character.res
c:\program files (x86)\codegear\rad studio\6.0\lib\controls.res
MainForm.dfm
TaskDemo.res
TaskDemo.drf


Program entry point at 0002:00000844
